Component: ARM Compiler 5.06 update 7 (build 960) Tool: armlink [4d3601]

==============================================================================

Section Cross References

    startup_stm32f303x8.o(STACK) refers (Special) to heapauxi.o(.text) for __use_two_region_memory
    startup_stm32f303x8.o(HEAP) refers (Special) to heapauxi.o(.text) for __use_two_region_memory
    startup_stm32f303x8.o(RESET) refers (Special) to heapauxi.o(.text) for __use_two_region_memory
    startup_stm32f303x8.o(RESET) refers to startup_stm32f303x8.o(STACK) for __initial_sp
    startup_stm32f303x8.o(RESET) refers to startup_stm32f303x8.o(.text) for Reset_Handler
    startup_stm32f303x8.o(RESET) refers to stm32f3xx_it.o(i.NMI_Handler) for NMI_Handler
    startup_stm32f303x8.o(RESET) refers to stm32f3xx_it.o(i.HardFault_Handler) for HardFault_Handler
    startup_stm32f303x8.o(RESET) refers to stm32f3xx_it.o(i.MemManage_Handler) for MemManage_Handler
    startup_stm32f303x8.o(RESET) refers to stm32f3xx_it.o(i.BusFault_Handler) for BusFault_Handler
    startup_stm32f303x8.o(RESET) refers to stm32f3xx_it.o(i.UsageFault_Handler) for UsageFault_Handler
    startup_stm32f303x8.o(RESET) refers to stm32f3xx_it.o(i.SVC_Handler) for SVC_Handler
    startup_stm32f303x8.o(RESET) refers to stm32f3xx_it.o(i.DebugMon_Handler) for DebugMon_Handler
    startup_stm32f303x8.o(RESET) refers to stm32f3xx_it.o(i.PendSV_Handler) for PendSV_Handler
    startup_stm32f303x8.o(RESET) refers to stm32f3xx_it.o(i.SysTick_Handler) for SysTick_Handler
    startup_stm32f303x8.o(.text) refers (Special) to heapauxi.o(.text) for __use_two_region_memory
    startup_stm32f303x8.o(.text) refers to system_stm32f3xx.o(i.SystemInit) for SystemInit
    startup_stm32f303x8.o(.text) refers to __main.o(!!!main) for __main
    startup_stm32f303x8.o(.text) refers to startup_stm32f303x8.o(HEAP) for Heap_Mem
    startup_stm32f303x8.o(.text) refers to startup_stm32f303x8.o(STACK) for Stack_Mem
    main.o(i.SystemClock_Config) refers to rt_memclr_w.o(.text) for __aeabi_memclr4
    main.o(i.SystemClock_Config) refers to stm32f3xx_hal_rcc.o(i.HAL_RCC_OscConfig) for HAL_RCC_OscConfig
    main.o(i.SystemClock_Config) refers to main.o(i.Error_Handler) for Error_Handler
    main.o(i.SystemClock_Config) refers to stm32f3xx_hal_rcc.o(i.HAL_RCC_ClockConfig) for HAL_RCC_ClockConfig
    main.o(i.SystemClock_Config) refers to stm32f3xx_hal_rcc_ex.o(i.HAL_RCCEx_PeriphCLKConfig) for HAL_RCCEx_PeriphCLKConfig
    main.o(i.main) refers to _printf_percent.o(.ARM.Collect$$_printf_percent$$00000000) for _printf_percent
    main.o(i.main) refers to _printf_d.o(.ARM.Collect$$_printf_percent$$00000009) for _printf_d
    main.o(i.main) refers to _printf_dec.o(.text) for _printf_int_dec
    main.o(i.main) refers to stm32f3xx_hal.o(i.HAL_Init) for HAL_Init
    main.o(i.main) refers to main.o(i.SystemClock_Config) for SystemClock_Config
    main.o(i.main) refers to gpio.o(i.MX_GPIO_Init) for MX_GPIO_Init
    main.o(i.main) refers to i2c.o(i.MX_I2C1_Init) for MX_I2C1_Init
    main.o(i.main) refers to usart.o(i.MX_USART1_UART_Init) for MX_USART1_UART_Init
    main.o(i.main) refers to ssd1306.o(i.ssd1306_Init) for ssd1306_Init
    main.o(i.main) refers to noretval__2sprintf.o(.text) for __2sprintf
    main.o(i.main) refers to strlen.o(.text) for strlen
    main.o(i.main) refers to stm32f3xx_hal_uart.o(i.HAL_UART_Transmit) for HAL_UART_Transmit
    main.o(i.main) refers to stm32f3xx_hal.o(i.HAL_Delay) for HAL_Delay
    main.o(i.main) refers to adafruit_tcs34725.o(i.setInterrupt) for setInterrupt
    main.o(i.main) refers to rt_memclr_w.o(.text) for __aeabi_memclr4
    main.o(i.main) refers to adafruit_tcs34725.o(i.tcs3272_init) for tcs3272_init
    main.o(i.main) refers to stm32f3xx_hal_gpio.o(i.HAL_GPIO_TogglePin) for HAL_GPIO_TogglePin
    main.o(i.main) refers to adafruit_tcs34725.o(i.getRawData) for getRawData
    main.o(i.main) refers to adafruit_tcs34725.o(i.getRGB) for getRGB
    main.o(i.main) refers to adafruit_tcs34725.o(i.calculateColorTemperature) for calculateColorTemperature
    main.o(i.main) refers to tsl2561.o(i.TSL2561_SetTiming) for TSL2561_SetTiming
    main.o(i.main) refers to tsl2561.o(i.TSL2561_GetLuminosity) for TSL2561_GetLuminosity
    main.o(i.main) refers to tsl2561.o(i.TSL2561_CalculateLux) for TSL2561_CalculateLux
    main.o(i.main) refers to ssd1306_tests.o(i.ssd1306_showmessage) for ssd1306_showmessage
    main.o(i.main) refers to usart.o(.bss) for huart1
    main.o(i.main) refers to system_stm32f3xx.o(.data) for SystemCoreClock
    main.o(i.main) refers to i2c.o(.bss) for hi2c1
    gpio.o(i.MX_GPIO_Init) refers to rt_memclr_w.o(.text) for __aeabi_memclr4
    gpio.o(i.MX_GPIO_Init) refers to stm32f3xx_hal_gpio.o(i.HAL_GPIO_WritePin) for HAL_GPIO_WritePin
    gpio.o(i.MX_GPIO_Init) refers to stm32f3xx_hal_gpio.o(i.HAL_GPIO_Init) for HAL_GPIO_Init
[...]
    ../mathlib/poly.c                        0x00000000   Number         0  poly.o ABSOLUTE
    ../mathlib/powf.c                        0x00000000   Number         0  powf.o ABSOLUTE
    ../mathlib/powf.c                        0x00000000   Number         0  powf_x.o ABSOLUTE
    ../mathlib/rred.c                        0x00000000   Number         0  rred.o ABSOLUTE
    ../mathlib/sin.c                         0x00000000   Number         0  sin.o ABSOLUTE
    ../mathlib/sin.c                         0x00000000   Number         0  sin_x.o ABSOLUTE
    ../mathlib/sin_i.c                       0x00000000   Number         0  sin_i_x.o ABSOLUTE
    ../mathlib/sin_i.c                       0x00000000   Number         0  sin_i.o ABSOLUTE
    ..\Core\Src\gpio.c                       0x00000000   Number         0  gpio.o ABSOLUTE
    ..\Core\Src\i2c.c                        0x00000000   Number         0  i2c.o ABSOLUTE
    ..\Core\Src\main.c                       0x00000000   Number         0  main.o ABSOLUTE
    ..\Core\Src\stm32f3xx_hal_msp.c          0x00000000   Number         0  stm32f3xx_hal_msp.o ABSOLUTE
    ..\Core\Src\stm32f3xx_it.c               0x00000000   Number         0  stm32f3xx_it.o ABSOLUTE
    ..\Core\Src\system_stm32f3xx.c           0x00000000   Number         0  system_stm32f3xx.o ABSOLUTE
    ..\Core\Src\usart.c                      0x00000000   Number         0  usart.o ABSOLUTE
    ..\Drivers\STM32F3xx_HAL_Driver\Src\stm32f3xx_hal.c 0x00000000   Number         0  stm32f3xx_hal.o ABSOLUTE
    ..\Drivers\STM32F3xx_HAL_Driver\Src\stm32f3xx_hal_cortex.c 0x00000000   Number         0  stm32f3xx_hal_cortex.o ABSOLUTE
    ..\Drivers\STM32F3xx_HAL_Driver\Src\stm32f3xx_hal_dma.c 0x00000000   Number         0  stm32f3xx_hal_dma.o ABSOLUTE
    ..\Drivers\STM32F3xx_HAL_Driver\Src\stm32f3xx_hal_exti.c 0x00000000   Number         0  stm32f3xx_hal_exti.o ABSOLUTE
    ..\Drivers\STM32F3xx_HAL_Driver\Src\stm32f3xx_hal_flash.c 0x00000000   Number         0  stm32f3xx_hal_flash.o ABSOLUTE
    ..\Drivers\STM32F3xx_HAL_Driver\Src\stm32f3xx_hal_flash_ex.c 0x00000000   Number         0  stm32f3xx_hal_flash_ex.o ABSOLUTE
    ..\Drivers\STM32F3xx_HAL_Driver\Src\stm32f3xx_hal_gpio.c 0x00000000   Number         0  stm32f3xx_hal_gpio.o ABSOLUTE
    ..\Drivers\STM32F3xx_HAL_Driver\Src\stm32f3xx_hal_i2c.c 0x00000000   Number         0  stm32f3xx_hal_i2c.o ABSOLUTE
    ..\Drivers\STM32F3xx_HAL_Driver\Src\stm32f3xx_hal_i2c_ex.c 0x00000000   Number         0  stm32f3xx_hal_i2c_ex.o ABSOLUTE
    ..\Drivers\STM32F3xx_HAL_Driver\Src\stm32f3xx_hal_pwr.c 0x00000000   Number         0  stm32f3xx_hal_pwr.o ABSOLUTE
    ..\Drivers\STM32F3xx_HAL_Driver\Src\stm32f3xx_hal_pwr_ex.c 0x00000000   Number         0  stm32f3xx_hal_pwr_ex.o ABSOLUTE
    ..\Drivers\STM32F3xx_HAL_Driver\Src\stm32f3xx_hal_rcc.c 0x00000000   Number         0  stm32f3xx_hal_rcc.o ABSOLUTE
    ..\Drivers\STM32F3xx_HAL_Driver\Src\stm32f3xx_hal_rcc_ex.c 0x00000000   Number         0  stm32f3xx_hal_rcc_ex.o ABSOLUTE
    ..\Drivers\STM32F3xx_HAL_Driver\Src\stm32f3xx_hal_tim.c 0x00000000   Number         0  stm32f3xx_hal_tim.o ABSOLUTE
    ..\Drivers\STM32F3xx_HAL_Driver\Src\stm32f3xx_hal_tim_ex.c 0x00000000   Number         0  stm32f3xx_hal_tim_ex.o ABSOLUTE
    ..\Drivers\STM32F3xx_HAL_Driver\Src\stm32f3xx_hal_uart.c 0x00000000   Number         0  stm32f3xx_hal_uart.o ABSOLUTE
    ..\Drivers\STM32F3xx_HAL_Driver\Src\stm32f3xx_hal_uart_ex.c 0x00000000   Number         0  stm32f3xx_hal_uart_ex.o ABSOLUTE
    ..\HAREWARE\Adafruit_TCS34725.c          0x00000000   Number         0  adafruit_tcs34725.o ABSOLUTE
    ..\HAREWARE\ssd1306.c                    0x00000000   Number         0  ssd1306.o ABSOLUTE
    ..\HAREWARE\ssd1306_fonts.c              0x00000000   Number         0  ssd1306_fonts.o ABSOLUTE
    ..\HAREWARE\ssd1306_tests.c              0x00000000   Number         0  ssd1306_tests.o ABSOLUTE
    ..\HAREWARE\tsl2561.c                    0x00000000   Number         0  tsl2561.o ABSOLUTE
    ..\\HAREWARE\\Adafruit_TCS34725.c        0x00000000   Number         0  adafruit_tcs34725.o ABSOLUTE
    ..\\HAREWARE\\ssd1306.c                  0x00000000   Number         0  ssd1306.o ABSOLUTE
    ..\\HAREWARE\\ssd1306_tests.c            0x00000000   Number         0  ssd1306_tests.o ABSOLUTE
    ..\\HAREWARE\\tsl2561.c                  0x00000000   Number         0  tsl2561.o ABSOLUTE
    dc.s                                     0x00000000   Number         0  dc.o ABSOLUTE
    startup_stm32f303x8.s                    0x00000000   Number         0  startup_stm32f303x8.o ABSOLUTE
    RESET                                    0x08000000   Section      392  startup_stm32f303x8.o(RESET)
    !!!main                                  0x08000188   Section        8  __main.o(!!!main)
    !!!scatter                               0x08000190   Section       52  __scatter.o(!!!scatter)
    !!handler_copy                           0x080001c4   Section       26  __scatter_copy.o(!!handler_copy)
    !!handler_zi                             0x080001e0   Section       28  __scatter_zi.o(!!handler_zi)
    .ARM.Collect$$_printf_percent$$00000000  0x080001fc   Section        0  _printf_percent.o(.ARM.Collect$$_printf_percent$$00000000)
    .ARM.Collect$$_printf_percent$$00000009  0x080001fc   Section        6  _printf_d.o(.ARM.Collect$$_printf_percent$$00000009)
    .ARM.Collect$$_printf_percent$$00000014  0x08000202   Section        6  _printf_s.o(.ARM.Collect$$_printf_percent$$00000014)
    .ARM.Collect$$_printf_percent$$00000017  0x08000208   Section        4  _printf_percent_end.o(.ARM.Collect$$_printf_percent$$00000017)
    .ARM.Collect$$libinit$$00000000          0x0800020c   Section        2  libinit.o(.ARM.Collect$$libinit$$00000000)
    .ARM.Collect$$libinit$$00000001          0x0800020e   Section        4  libinit2.o(.ARM.Collect$$libinit$$00000001)
    .ARM.Collect$$libinit$$00000004          0x08000212   Section        0  libinit2.o(.ARM.Collect$$libinit$$00000004)
    .ARM.Collect$$libinit$$0000000A          0x08000212   Section        0  libinit2.o(.ARM.Collect$$libinit$$0000000A)
    .ARM.Collect$$libinit$$0000000C          0x08000212   Section        0  libinit2.o(.ARM.Collect$$libinit$$0000000C)
    .ARM.Collect$$libinit$$0000000E          0x08000212   Section        0  libinit2.o(.ARM.Collect$$libinit$$0000000E)
    .ARM.Collect$$libinit$$00000011          0x08000212   Section        0  libinit2.o(.ARM.Collect$$libinit$$00000011)
    .ARM.Collect$$libinit$$00000013          0x08000212   Section        0  libinit2.o(.ARM.Collect$$libinit$$00000013)
    .ARM.Collect$$libinit$$00000015          0x08000212   Section        0  libinit2.o(.ARM.Collect$$libinit$$00000015)
    .ARM.Collect$$libinit$$00000017          0x08000212   Section        0  libinit2.o(.ARM.Collect$$libinit$$00000017)
    .ARM.Collect$$libinit$$00000019          0x08000212   Section        0  libinit2.o(.ARM.Collect$$libinit$$00000019)
    .ARM.Collect$$libinit$$0000001B          0x08000212   Section        0  libinit2.o(.ARM.Collect$$libinit$$0000001B)
    .ARM.Collect$$libinit$$0000001D          0x08000212   Section        0  libinit2.o(.ARM.Collect$$libinit$$0000001D)
    .ARM.Collect$$libinit$$0000001F          0x08000212   Section        0  libinit2.o(.ARM.Collect$$libinit$$0000001F)
    .ARM.Collect$$libinit$$00000021          0x08000212   Section        0  libinit2.o(.ARM.Collect$$libinit$$00000021)
    .ARM.Collect$$libinit$$00000023          0x08000212   Section        0  libinit2.o(.ARM.Collect$$libinit$$00000023)
    .ARM.Collect$$libinit$$00000025          0x08000212   Section        0  libinit2.o(.ARM.Collect$$libinit$$00000025)
    .ARM.Collect$$libinit$$0000002C          0x08000212   Section        0  libinit2.o(.ARM.Collect$$libinit$$0000002C)
    .ARM.Collect$$libinit$$0000002E          0x08000212   Section        0  libinit2.o(.ARM.Collect$$libinit$$0000002E)
    .ARM.Collect$$libinit$$00000030          0x08000212   Section        0  libinit2.o(.ARM.Collect$$libinit$$00000030)
    .ARM.Collect$$libinit$$00000032          0x08000212   Section        0  libinit2.o(.ARM.Collect$$libinit$$00000032)
    .ARM.Collect$$libinit$$00000033          0x08000212   Section        2  libinit2.o(.ARM.Collect$$libinit$$00000033)
    .ARM.Collect$$libshutdown$$00000000      0x08000214   Section        2  libshutdown.o(.ARM.Collect$$libshutdown$$00000000)
    .ARM.Collect$$libshutdown$$00000002      0x08000216   Section        0  libshutdown2.o(.ARM.Collect$$libshutdown$$00000002)
    .ARM.Collect$$libshutdown$$00000004      0x08000216   Section        0  libshutdown2.o(.ARM.Collect$$libshutdown$$00000004)
    .ARM.Collect$$libshutdown$$00000006      0x08000216   Section        0  libshutdown2.o(.ARM.Collect$$libshutdown$$00000006)
    .ARM.Collect$$libshutdown$$00000009      0x08000216   Section        0  libshutdown2.o(.ARM.Collect$$libshutdown$$00000009)
    .ARM.Collect$$libshutdown$$0000000C      0x08000216   Section        0  libshutdown2.o(.ARM.Collect$$libshutdown$$0000000C)
    .ARM.Collect$$libshutdown$$0000000E      0x08000216   Section        0  libshutdown2.o(.ARM.Collect$$libshutdown$$0000000E)
    .ARM.Collect$$libshutdown$$00000011      0x08000216   Section        0  libshutdown2.o(.ARM.Collect$$libshutdown$$00000011)
    .ARM.Collect$$libshutdown$$00000012      0x08000216   Section        2  libshutdown2.o(.ARM.Collect$$libshutdown$$00000012)
    .ARM.Collect$$rtentry$$00000000          0x08000218   Section        0  __rtentry.o(.ARM.Collect$$rtentry$$00000000)
    .ARM.Collect$$rtentry$$00000002          0x08000218   Section        0  __rtentry2.o(.ARM.Collect$$rtentry$$00000002)
    .ARM.Collect$$rtentry$$00000004          0x08000218   Section        6  __rtentry4.o(.ARM.Collect$$rtentry$$00000004)
    .ARM.Collect$$rtentry$$00000009          0x0800021e   Section        0  __rtentry2.o(.ARM.Collect$$rtentry$$00000009)
    .ARM.Collect$$rtentry$$0000000A          0x0800021e   Section        4  __rtentry2.o(.ARM.Collect$$rtentry$$0000000A)
    .ARM.Collect$$rtentry$$0000000C          0x08000222   Section        0  __rtentry2.o(.ARM.Collect$$rtentry$$0000000C)
    .ARM.Collect$$rtentry$$0000000D          0x08000222   Section        8  __rtentry2.o(.ARM.Collect$$rtentry$$0000000D)
    .ARM.Collect$$rtexit$$00000000           0x0800022a   Section        2  rtexit.o(.ARM.Collect$$rtexit$$00000000)
    .ARM.Collect$$rtexit$$00000002           0x0800022c   Section        0  rtexit2.o(.ARM.Collect$$rtexit$$00000002)
    .ARM.Collect$$rtexit$$00000003           0x0800022c   Section        4  rtexit2.o(.ARM.Collect$$rtexit$$00000003)
    .ARM.Collect$$rtexit$$00000004           0x08000230   Section        6  rtexit2.o(.ARM.Collect$$rtexit$$00000004)
    .text                                    0x08000238   Section       64  startup_stm32f303x8.o(.text)
    $v0                                      0x08000238   Number         0  startup_stm32f303x8.o(.text)
    .text                                    0x08000278   Section      238  lludivv7m.o(.text)
    .text                                    0x08000368   Section        0  noretval__2sprintf.o(.text)
    .text                                    0x08000390   Section        0  __printf.o(.text)
    .text                                    0x080003f8   Section        0  _printf_str.o(.text)
    .text                                    0x0800044c   Section        0  _printf_dec.o(.text)
    .text                                    0x080004c4   Section        0  strlen.o(.text)
    .text                                    0x08000502   Section       78  rt_memclr_w.o(.text)
    .text                                    0x08000550   Section        0  heapauxi.o(.text)
    .text                                    0x08000556   Section        0  _rserrno.o(.text)
    .text                                    0x0800056c   Section        0  _printf_intcommon.o(.text)
    .text                                    0x08000620   Section        0  _printf_char_common.o(.text)
    _printf_input_char                       0x08000621   Thumb Code    10  _printf_char_common.o(.text)
    .text                                    0x08000650   Section        0  _sputc.o(.text)
    .text                                    0x0800065a   Section        0  _printf_char.o(.text)
    .text                                    0x08000688   Section        8  rt_errno_addr_intlibspace.o(.text)
    .text                                    0x08000690   Section        8  libspace.o(.text)
    .text                                    0x08000698   Section       74  sys_stackheap_outer.o(.text)
    .text                                    0x080006e2   Section        0  exit.o(.text)
    .text                                    0x080006f4   Section        0  sys_exit.o(.text)
    .text                                    0x08000700   Section        2  use_no_semi.o(.text)
    .text                                    0x08000702   Section        0  indicate_semi.o(.text)
    i.BusFault_Handler                       0x08000702   Section        0  stm32f3xx_it.o(i.BusFault_Handler)
    i.DebugMon_Handler                       0x08000706   Section        0  stm32f3xx_it.o(i.DebugMon_Handler)
    i.Error_Handler                          0x08000708   Section        0  main.o(i.Error_Handler)
    i.HAL_Delay                              0x08000710   Section        0  stm32f3xx_hal.o(i.HAL_Delay)
    i.HAL_GPIO_Init                          0x08000738   Section        0  stm32f3xx_hal_gpio.o(i.HAL_GPIO_Init)
    i.HAL_GPIO_TogglePin                     0x080008e8   Section        0  stm32f3xx_hal_gpio.o(i.HAL_GPIO_TogglePin)
    i.HAL_GPIO_WritePin                      0x080008fc   Section        0  stm32f3xx_hal_gpio.o(i.HAL_GPIO_WritePin)
    i.HAL_GetTick                            0x08000908   Section        0  stm32f3xx_hal.o(i.HAL_GetTick)
    i.HAL_I2CEx_ConfigAnalogFilter           0x08000914   Section        0  stm32f3xx_hal_i2c_ex.o(i.HAL_I2CEx_ConfigAnalogFilter)
    i.HAL_I2CEx_ConfigDigitalFilter          0x0800097e   Section        0  stm32f3xx_hal_i2c_ex.o(i.HAL_I2CEx_ConfigDigitalFilter)
    i.HAL_I2C_Init                           0x080009e8   Section        0  stm32f3xx_hal_i2c.o(i.HAL_I2C_Init)
    i.HAL_I2C_Master_Receive                 0x08000aac   Section        0  stm32f3xx_hal_i2c.o(i.HAL_I2C_Master_Receive)
    i.HAL_I2C_Master_Transmit                0x08000c10   Section        0  stm32f3xx_hal_i2c.o(i.HAL_I2C_Master_Transmit)
    i.HAL_I2C_Mem_Read                       0x08000d70   Section        0  stm32f3xx_hal_i2c.o(i.HAL_I2C_Mem_Read)
    i.HAL_I2C_Mem_Write                      0x08000f10   Section        0  stm32f3xx_hal_i2c.o(i.HAL_I2C_Mem_Write)
    i.HAL_I2C_MspInit                        0x080010a8   Section        0  i2c.o(i.HAL_I2C_MspInit)
    i.HAL_IncTick                            0x08001124   Section        0  stm32f3xx_hal.o(i.HAL_IncTick)
    i.HAL_Init                               0x0800113c   Section        0  stm32f3xx_hal.o(i.HAL_Init)
    i.HAL_InitTick                           0x08001164   Section        0  stm32f3xx_hal.o(i.HAL_InitTick)
    i.HAL_MspInit                            0x080011b0   Section        0  stm32f3xx_hal_msp.o(i.HAL_MspInit)
    i.HAL_NVIC_SetPriority                   0x080011f0   Section        0  stm32f3xx_hal_cortex.o(i.HAL_NVIC_SetPriority)
    i.HAL_NVIC_SetPriorityGrouping           0x0800126c   Section        0  stm32f3xx_hal_cortex.o(i.HAL_NVIC_SetPriorityGrouping)
    i.HAL_RCCEx_PeriphCLKConfig              0x08001294   Section        0  stm32f3xx_hal_rcc_ex.o(i.HAL_RCCEx_PeriphCLKConfig)
    i.HAL_RCC_ClockConfig                    0x08001488   Section        0  stm32f3xx_hal_rcc.o(i.HAL_RCC_ClockConfig)
    i.HAL_RCC_GetHCLKFreq                    0x08001734   Section        0  stm32f3xx_hal_rcc.o(i.HAL_RCC_GetHCLKFreq)
    i.HAL_RCC_GetPCLK1Freq                   0x08001740   Section        0  stm32f3xx_hal_rcc.o(i.HAL_RCC_GetPCLK1Freq)
    i.HAL_RCC_GetPCLK2Freq                   0x0800176c   Section        0  stm32f3xx_hal_rcc.o(i.HAL_RCC_GetPCLK2Freq)
    i.HAL_RCC_GetSysClockFreq                0x08001798   Section        0  stm32f3xx_hal_rcc.o(i.HAL_RCC_GetSysClockFreq)
    i.HAL_RCC_OscConfig                      0x08001838   Section        0  stm32f3xx_hal_rcc.o(i.HAL_RCC_OscConfig)
    i.HAL_SYSTICK_Config                     0x0800225c   Section        0  stm32f3xx_hal_cortex.o(i.HAL_SYSTICK_Config)
    i.HAL_UART_Init                          0x08002290   Section        0  stm32f3xx_hal_uart.o(i.HAL_UART_Init)
    i.HAL_UART_MspInit                       0x08002304   Section        0  usart.o(i.HAL_UART_MspInit)
    i.HAL_UART_Transmit                      0x0800237c   Section        0  stm32f3xx_hal_uart.o(i.HAL_UART_Transmit)
    i.HardFault_Handler                      0x0800244e   Section        0  stm32f3xx_it.o(i.HardFault_Handler)
    i.I2C_Flush_TXDR                         0x08002452   Section        0  stm32f3xx_hal_i2c.o(i.I2C_Flush_TXDR)
    I2C_Flush_TXDR                           0x08002453   Thumb Code    40  stm32f3xx_hal_i2c.o(i.I2C_Flush_TXDR)
    i.I2C_IsAcknowledgeFailed                0x0800247c   Section        0  stm32f3xx_hal_i2c.o(i.I2C_IsAcknowledgeFailed)
    I2C_IsAcknowledgeFailed                  0x0800247d   Thumb Code   174  stm32f3xx_hal_i2c.o(i.I2C_IsAcknowledgeFailed)
    i.I2C_RequestMemoryRead                  0x08002530   Section        0  stm32f3xx_hal_i2c.o(i.I2C_RequestMemoryRead)
    I2C_RequestMemoryRead                    0x08002531   Thumb Code   118  stm32f3xx_hal_i2c.o(i.I2C_RequestMemoryRead)
    i.I2C_RequestMemoryWrite                 0x080025ac   Section        0  stm32f3xx_hal_i2c.o(i.I2C_RequestMemoryWrite)
    I2C_RequestMemoryWrite                   0x080025ad   Thumb Code   118  stm32f3xx_hal_i2c.o(i.I2C_RequestMemoryWrite)
    i.I2C_TransferConfig                     0x08002628   Section        0  stm32f3xx_hal_i2c.o(i.I2C_TransferConfig)
    I2C_TransferConfig                       0x08002629   Thumb Code    52  stm32f3xx_hal_i2c.o(i.I2C_TransferConfig)
    i.I2C_WaitOnFlagUntilTimeout             0x0800265c   Section        0  stm32f3xx_hal_i2c.o(i.I2C_WaitOnFlagUntilTimeout)
    I2C_WaitOnFlagUntilTimeout               0x0800265d   Thumb Code    94  stm32f3xx_hal_i2c.o(i.I2C_WaitOnFlagUntilTimeout)
    i.I2C_WaitOnRXNEFlagUntilTimeout         0x080026bc   Section        0  stm32f3xx_hal_i2c.o(i.I2C_WaitOnRXNEFlagUntilTimeout)
    I2C_WaitOnRXNEFlagUntilTimeout           0x080026bd   Thumb Code   156  stm32f3xx_hal_i2c.o(i.I2C_WaitOnRXNEFlagUntilTimeout)
    i.I2C_WaitOnSTOPFlagUntilTimeout         0x0800275c   Section        0  stm32f3xx_hal_i2c.o(i.I2C_WaitOnSTOPFlagUntilTimeout)
    I2C_WaitOnSTOPFlagUntilTimeout           0x0800275d   Thumb Code    86  stm32f3xx_hal_i2c.o(i.I2C_WaitOnSTOPFlagUntilTimeout)
    i.I2C_WaitOnTXISFlagUntilTimeout         0x080027b2   Section        0  stm32f3xx_hal_i2c.o(i.I2C_WaitOnTXISFlagUntilTimeout)
    I2C_WaitOnTXISFlagUntilTimeout           0x080027b3   Thumb Code    90  stm32f3xx_hal_i2c.o(i.I2C_WaitOnTXISFlagUntilTimeout)
    i.MX_GPIO_Init                           0x0800280c   Section        0  gpio.o(i.MX_GPIO_Init)
    i.MX_I2C1_Init                           0x0800287c   Section        0  i2c.o(i.MX_I2C1_Init)
    i.MX_USART1_UART_Init                    0x080028d4   Section        0  usart.o(i.MX_USART1_UART_Init)
    i.MemManage_Handler                      0x08002914   Section        0  stm32f3xx_it.o(i.MemManage_Handler)
    i.NMI_Handler                            0x08002918   Section        0  stm32f3xx_it.o(i.NMI_Handler)
    i.PendSV_Handler                         0x0800291c   Section        0  stm32f3xx_it.o(i.PendSV_Handler)
    i.SVC_Handler                            0x0800291e   Section        0  stm32f3xx_it.o(i.SVC_Handler)
    i.SysTick_Handler                        0x08002920   Section        0  stm32f3xx_it.o(i.SysTick_Handler)
    i.SystemClock_Config                     0x08002928   Section        0  main.o(i.SystemClock_Config)
    i.SystemInit                             0x08002998   Section        0  system_stm32f3xx.o(i.SystemInit)
    i.TSL2561_CalculateLux                   0x080029ac   Section        0  tsl2561.o(i.TSL2561_CalculateLux)
    i.TSL2561_Disable                        0x08002a94   Section        0  tsl2561.o(i.TSL2561_Disable)
    i.TSL2561_Enable                         0x08002ab4   Section        0  tsl2561.o(i.TSL2561_Enable)
    i.TSL2561_GetLuminosity                  0x08002ad4   Section        0  tsl2561.o(i.TSL2561_GetLuminosity)
    i.TSL2561_Init                           0x08002b3c   Section        0  tsl2561.o(i.TSL2561_Init)
    i.TSL2561_Read16                         0x08002b64   Section        0  tsl2561.o(i.TSL2561_Read16)
    i.TSL2561_SetTiming                      0x08002bbc   Section        0  tsl2561.o(i.TSL2561_SetTiming)
    i.TSL2561_Write8                         0x08002c00   Section        0  tsl2561.o(i.TSL2561_Write8)
    i.UART_AdvFeatureConfig                  0x08002c48   Section        0  stm32f3xx_hal_uart.o(i.UART_AdvFeatureConfig)
    i.UART_CheckIdleState                    0x08002d40   Section        0  stm32f3xx_hal_uart.o(i.UART_CheckIdleState)
    i.UART_SetConfig                         0x08002db4   Section        0  stm32f3xx_hal_uart.o(i.UART_SetConfig)
    i.UART_WaitOnFlagUntilTimeout            0x08002f64   Section        0  stm32f3xx_hal_uart.o(i.UART_WaitOnFlagUntilTimeout)
    i.UsageFault_Handler                     0x0800305c   Section        0  stm32f3xx_it.o(i.UsageFault_Handler)
    i._Error_Handler                         0x08003060   Section        0  tsl2561.o(i._Error_Handler)
    i.__ARM_fpclassifyf                      0x08003080   Section        0  fpclassifyf.o(i.__ARM_fpclassifyf)
    i.__NVIC_GetPriorityGrouping             0x080030a8   Section        0  stm32f3xx_hal_cortex.o(i.__NVIC_GetPriorityGrouping)
    __NVIC_GetPriorityGrouping               0x080030a9   Thumb Code    10  stm32f3xx_hal_cortex.o(i.__NVIC_GetPriorityGrouping)
    i.__NVIC_SetPriority                     0x080030b8   Section        0  stm32f3xx_hal_cortex.o(i.__NVIC_SetPriority)
    __NVIC_SetPriority                       0x080030b9   Thumb Code    32  stm32f3xx_hal_cortex.o(i.__NVIC_SetPriority)
    i.__hardfp_powf                          0x080030e0   Section        0  powf.o(i.__hardfp_powf)
    i.__mathlib_flt_divzero                  0x08003744   Section        0  funder.o(i.__mathlib_flt_divzero)
    i.__mathlib_flt_infnan2                  0x08003758   Section        0  funder.o(i.__mathlib_flt_infnan2)
    i.__mathlib_flt_invalid                  0x08003760   Section        0  funder.o(i.__mathlib_flt_invalid)
    i.__mathlib_flt_overflow                 0x08003770   Section        0  funder.o(i.__mathlib_flt_overflow)
    i.__mathlib_flt_underflow                0x08003780   Section        0  funder.o(i.__mathlib_flt_underflow)
    i.begin                                  0x08003790   Section        0  adafruit_tcs34725.o(i.begin)
    i.calculateColorTemperature              0x080037cc   Section        0  adafruit_tcs34725.o(i.calculateColorTemperature)
    i.enable                                 0x08003948   Section        0  adafruit_tcs34725.o(i.enable)
    i.getRGB                                 0x0800395c   Section        0  adafruit_tcs34725.o(i.getRGB)
    i.getRawData                             0x08003a48   Section        0  adafruit_tcs34725.o(i.getRawData)
    i.main                                   0x08003adc   Section        0  main.o(i.main)
    i.read16                                 0x08003c6c   Section        0  adafruit_tcs34725.o(i.read16)
    i.read8                                  0x08003cbc   Section        0  adafruit_tcs34725.o(i.read8)
    i.setGain                                0x08003cfc   Section        0  adafruit_tcs34725.o(i.setGain)
    i.setIntegrationTime                     0x08003d20   Section        0  adafruit_tcs34725.o(i.setIntegrationTime)
    i.setInterrupt                           0x08003d44   Section        0  adafruit_tcs34725.o(i.setInterrupt)
    i.ssd1306_DrawPixel                      0x08003d68   Section        0  ssd1306.o(i.ssd1306_DrawPixel)
    i.ssd1306_Fill                           0x08003df4   Section        0  ssd1306.o(i.ssd1306_Fill)
    i.ssd1306_Init                           0x08003e14   Section        0  ssd1306.o(i.ssd1306_Init)
    i.ssd1306_Reset                          0x08003ee0   Section        0  ssd1306.o(i.ssd1306_Reset)
    i.ssd1306_SetContrast                    0x08003ee2   Section        0  ssd1306.o(i.ssd1306_SetContrast)
    i.ssd1306_SetCursor                      0x08003ef8   Section        0  ssd1306.o(i.ssd1306_SetCursor)
    i.ssd1306_SetDisplayOn                   0x08003f04   Section        0  ssd1306.o(i.ssd1306_SetDisplayOn)
    i.ssd1306_UpdateScreen                   0x08003f28   Section        0  ssd1306.o(i.ssd1306_UpdateScreen)
    i.ssd1306_WriteChar                      0x08003f60   Section        0  ssd1306.o(i.ssd1306_WriteChar)
    i.ssd1306_WriteCommand                   0x0800401c   Section        0  ssd1306.o(i.ssd1306_WriteCommand)
    i.ssd1306_WriteData                      0x08004044   Section        0  ssd1306.o(i.ssd1306_WriteData)
    i.ssd1306_WriteString                    0x08004068   Section        0  ssd1306.o(i.ssd1306_WriteString)
    i.ssd1306_showmessage                    0x08004094   Section        0  ssd1306_tests.o(i.ssd1306_showmessage)
    i.tcs3272_init                           0x080040e8   Section        0  adafruit_tcs34725.o(i.tcs3272_init)
    i.write8                                 0x080040f4   Section        0  adafruit_tcs34725.o(i.write8)
    x$fpl$dfixu                              0x08004124   Section       90  dfixu.o(x$fpl$dfixu)
    $v0                                      0x08004124   Number         0  dfixu.o(x$fpl$dfixu)
    x$fpl$dmul                               0x08004180   Section      340  dmul.o(x$fpl$dmul)
    $v0                                      0x08004180   Number         0  dmul.o(x$fpl$dmul)
    x$fpl$dnaninf                            0x080042d4   Section      156  dnaninf.o(x$fpl$dnaninf)
    $v0                                      0x080042d4   Number         0  dnaninf.o(x$fpl$dnaninf)
    x$fpl$dretinf                            0x08004370   Section       12  dretinf.o(x$fpl$dretinf)
    $v0                                      0x08004370   Number         0  dretinf.o(x$fpl$dretinf)
    x$fpl$f2d                                0x0800437c   Section       86  f2d.o(x$fpl$f2d)
    $v0                                      0x0800437c   Number         0  f2d.o(x$fpl$f2d)
    x$fpl$fnaninf                            0x080043d2   Section      140  fnaninf.o(x$fpl$fnaninf)
    $v0                                      0x080043d2   Number         0  fnaninf.o(x$fpl$fnaninf)
    x$fpl$fpinit                             0x0800445e   Section       10  fpinit.o(x$fpl$fpinit)
    $v0                                      0x0800445e   Number         0  fpinit.o(x$fpl$fpinit)
    .constdata                               0x08004468   Section       32  stm32f3xx_hal_rcc.o(.constdata)
    x$fpl$usenofp                            0x08004468   Section        0  usenofp.o(x$fpl$usenofp)
    .constdata                               0x08004488   Section       24  system_stm32f3xx.o(.constdata)
    .constdata                               0x080044a0   Section    11780  ssd1306_fonts.o(.constdata)
    Font7x10                                 0x080044a0   Data        1900  ssd1306_fonts.o(.constdata)
    Font11x18                                0x08004c0c   Data        3420  ssd1306_fonts.o(.constdata)
    Font16x26                                0x08005968   Data        4940  ssd1306_fonts.o(.constdata)
    Font6x8                                  0x08006cb4   Data        1520  ssd1306_fonts.o(.constdata)
    .constdata                               0x080072a4   Section      320  powf.o(.constdata)
    table                                    0x080072a4   Data         128  powf.o(.constdata)
    powersof2to1over16top                    0x08007324   Data          64  powf.o(.constdata)
    powersof2to1over16bot                    0x08007364   Data          64  powf.o(.constdata)
    powersof2to1over16all                    0x080073a4   Data          64  powf.o(.constdata)
    .data                                    0x20000000   Section        9  stm32f3xx_hal.o(.data)
    .data                                    0x2000000c   Section        4  system_stm32f3xx.o(.data)
    .data                                    0x20000010   Section        3  tsl2561.o(.data)
    _tsl2561_Initialised                     0x20000010   Data           1  tsl2561.o(.data)
    _tsl2561_IntegrationTime                 0x20000011   Data           1  tsl2561.o(.data)
    _tsl2561_Gain                            0x20000012   Data           1  tsl2561.o(.data)
    .data                                    0x20000014   Section       14  adafruit_tcs34725.o(.data)
    .data                                    0x20000022   Section        6  ssd1306.o(.data)
    SSD1306                                  0x20000022   Data           6  ssd1306.o(.data)
    .data                                    0x20000028   Section       32  ssd1306_fonts.o(.data)
    .bss                                     0x20000048   Section       76  i2c.o(.bss)
    .bss                                     0x20000094   Section      132  usart.o(.bss)
    .bss                                     0x20000118   Section     1024  ssd1306.o(.bss)
    SSD1306_Buffer                           0x20000118   Data        1024  ssd1306.o(.bss)
    .bss                                     0x20000518   Section       96  libspace.o(.bss)
    HEAP                                     0x20000578   Section      512  startup_stm32f303x8.o(HEAP)
    Heap_Mem                                 0x20000578   Data         512  startup_stm32f303x8.o(HEAP)
    STACK                                    0x20000778   Section     1024  startup_stm32f303x8.o(STACK)
    Stack_Mem                                0x20000778   Data        1024  startup_stm32f303x8.o(STACK)
    __initial_sp                             0x20000b78   Data           0  startup_stm32f303x8.o(STACK)

    Global Symbols

    Symbol Name                              Value     Ov Type        Size  Object(Section)

    BuildAttributes$$THM_ISAv4$E$P$D$K$B$S$7EM$VFPi3$EXTD16$VFPS$VFMA$PE$A:L22UL41UL21$X:L11$S22US41US21$IEEE1$IW$USESV6$~STKCKD$USESV7$~SHL$OTIME$ROPI$IEEEX$EBA8$UX$STANDARDLIB$REQ8$PRES8$EABIv2 0x00000000   Number         0  anon$$obj.o ABSOLUTE
    __ARM_use_no_argv                        0x00000000   Number         0  main.o ABSOLUTE
    __ARM_exceptions_init                     - Undefined Weak Reference
    __alloca_initialize                       - Undefined Weak Reference
    __arm_fini_                               - Undefined Weak Reference
    __arm_preinit_                            - Undefined Weak Reference
    __cpp_initialize__aeabi_                  - Undefined Weak Reference
    __cxa_finalize                            - Undefined Weak Reference
    __rt_locale                               - Undefined Weak Reference
    __sigvec_lookup                           - Undefined Weak Reference
    _atexit_init                              - Undefined Weak Reference
    _call_atexit_fns                          - Undefined Weak Reference
    _clock_init                               - Undefined Weak Reference
    _fp_trap_init                             - Undefined Weak Reference
    _fp_trap_shutdown                         - Undefined Weak Reference
    _get_lc_collate                           - Undefined Weak Reference
    _get_lc_ctype                             - Undefined Weak Reference
    _get_lc_monetary                          - Undefined Weak Reference
    _get_lc_numeric                           - Undefined Weak Reference
    _get_lc_time                              - Undefined Weak Reference
    _getenv_init                              - Undefined Weak Reference
    _handle_redirection                       - Undefined Weak Reference
    _init_alloc                               - Undefined Weak Reference
    _init_user_alloc                          - Undefined Weak Reference
    _initio                                   - Undefined Weak Reference
    _printf_mbtowc                            - Undefined Weak Reference
    _printf_post_padding                      - Undefined Weak Reference
    _printf_pre_padding                       - Undefined Weak Reference
    _printf_truncate_signed                   - Undefined Weak Reference
    _printf_truncate_unsigned                 - Undefined Weak Reference
    _rand_init                                - Undefined Weak Reference
    _signal_finish                            - Undefined Weak Reference
    _signal_init                              - Undefined Weak Reference
    _terminate_alloc                          - Undefined Weak Reference
    _terminate_user_alloc                     - Undefined Weak Reference
    _terminateio                              - Undefined Weak Reference
    __Vectors_Size                           0x00000188   Number         0  startup_stm32f303x8.o ABSOLUTE
    __Vectors                                0x08000000   Data           4  startup_stm32f303x8.o(RESET)
    __Vectors_End                            0x08000188   Data           0  startup_stm32f303x8.o(RESET)
    __main                                   0x08000189   Thumb Code     8  __main.o(!!!main)
    __scatterload                            0x08000191   Thumb Code     0  __scatter.o(!!!scatter)
    __scatterload_rt2                        0x08000191   Thumb Code    44  __scatter.o(!!!scatter)
    __scatterload_rt2_thumb_only             0x08000191   Thumb Code     0  __scatter.o(!!!scatter)
    __scatterload_null                       0x0800019f   Thumb Code     0  __scatter.o(!!!scatter)
    __scatterload_copy                       0x080001c5   Thumb Code    26  __scatter_copy.o(!!handler_copy)
    __scatterload_zeroinit                   0x080001e1   Thumb Code    28  __scatter_zi.o(!!handler_zi)
    _printf_d                                0x080001fd   Thumb Code     0  _printf_d.o(.ARM.Collect$$_printf_percent$$00000009)
    _printf_percent                          0x080001fd   Thumb Code     0  _printf_percent.o(.ARM.Collect$$_printf_percent$$00000000)
    _printf_s                                0x08000203   Thumb Code     0  _printf_s.o(.ARM.Collect$$_printf_percent$$00000014)
    _printf_percent_end                      0x08000209   Thumb Code     0  _printf_percent_end.o(.ARM.Collect$$_printf_percent$$00000017)
    __rt_lib_init                            0x0800020d   Thumb Code     0  libinit.o(.ARM.Collect$$libinit$$00000000)
    __rt_lib_init_fp_1                       0x0800020f   Thumb Code     0  libinit2.o(.ARM.Collect$$libinit$$00000001)
    __rt_lib_init_alloca_1                   0x08000213   Thumb Code     0  libinit2.o(.ARM.Collect$$libinit$$0000002E)
    __rt_lib_init_argv_1                     0x08000213   Thumb Code     0  libinit2.o(.ARM.Collect$$libinit$$0000002C)
    __rt_lib_init_atexit_1                   0x08000213   Thumb Code     0  libinit2.o(.ARM.Collect$$libinit$$0000001B)
    __rt_lib_init_clock_1                    0x08000213   Thumb Code     0  libinit2.o(.ARM.Collect$$libinit$$00000021)
    __rt_lib_init_cpp_1                      0x08000213   Thumb Code     0  libinit2.o(.ARM.Collect$$libinit$$00000032)
    __rt_lib_init_exceptions_1               0x08000213   Thumb Code     0  libinit2.o(.ARM.Collect$$libinit$$00000030)
    __rt_lib_init_fp_trap_1                  0x08000213   Thumb Code     0  libinit2.o(.ARM.Collect$$libinit$$0000001F)
    __rt_lib_init_getenv_1                   0x08000213   Thumb Code     0  libinit2.o(.ARM.Collect$$libinit$$00000023)
    __rt_lib_init_heap_1                     0x08000213   Thumb Code     0  libinit2.o(.ARM.Collect$$libinit$$0000000A)
    __rt_lib_init_lc_collate_1               0x08000213   Thumb Code     0  libinit2.o(.ARM.Collect$$libinit$$00000011)
    __rt_lib_init_lc_ctype_1                 0x08000213   Thumb Code     0  libinit2.o(.ARM.Collect$$libinit$$00000013)
    __rt_lib_init_lc_monetary_1              0x08000213   Thumb Code     0  libinit2.o(.ARM.Collect$$libinit$$00000015)
    __rt_lib_init_lc_numeric_1               0x08000213   Thumb Code     0  libinit2.o(.ARM.Collect$$libinit$$00000017)
    __rt_lib_init_lc_time_1                  0x08000213   Thumb Code     0  libinit2.o(.ARM.Collect$$libinit$$00000019)
    __rt_lib_init_preinit_1                  0x08000213   Thumb Code     0  libinit2.o(.ARM.Collect$$libinit$$00000004)
    __rt_lib_init_rand_1                     0x08000213   Thumb Code     0  libinit2.o(.ARM.Collect$$libinit$$0000000E)
    __rt_lib_init_return                     0x08000213   Thumb Code     0  libinit2.o(.ARM.Collect$$libinit$$00000033)
    __rt_lib_init_signal_1                   0x08000213   Thumb Code     0  libinit2.o(.ARM.Collect$$libinit$$0000001D)
    __rt_lib_init_stdio_1                    0x08000213   Thumb Code     0  libinit2.o(.ARM.Collect$$libinit$$00000025)
    __rt_lib_init_user_alloc_1               0x08000213   Thumb Code     0  libinit2.o(.ARM.Collect$$libinit$$0000000C)
    __rt_lib_shutdown                        0x08000215   Thumb Code     0  libshutdown.o(.ARM.Collect$$libshutdown$$00000000)
    __rt_lib_shutdown_cpp_1                  0x08000217   Thumb Code     0  libshutdown2.o(.ARM.Collect$$libshutdown$$00000004)
    __rt_lib_shutdown_fini_1                 0x08000217   Thumb Code     0  libshutdown2.o(.ARM.Collect$$libshutdown$$00000002)
    __rt_lib_shutdown_fp_trap_1              0x08000217   Thumb Code     0  libshutdown2.o(.ARM.Collect$$libshutdown$$00000009)
    __rt_lib_shutdown_heap_1                 0x08000217   Thumb Code     0  libshutdown2.o(.ARM.Collect$$libshutdown$$00000011)
    __rt_lib_shutdown_return                 0x08000217   Thumb Code     0  libshutdown2.o(.ARM.Collect$$libshutdown$$00000012)
    __rt_lib_shutdown_signal_1               0x08000217   Thumb Code     0  libshutdown2.o(.ARM.Collect$$libshutdown$$0000000C)
    __rt_lib_shutdown_stdio_1                0x08000217   Thumb Code     0  libshutdown2.o(.ARM.Collect$$libshutdown$$00000006)
    __rt_lib_shutdown_user_alloc_1           0x08000217   Thumb Code     0  libshutdown2.o(.ARM.Collect$$libshutdown$$0000000E)
    __rt_entry                               0x08000219   Thumb Code     0  __rtentry.o(.ARM.Collect$$rtentry$$00000000)
    __rt_entry_presh_1                       0x08000219   Thumb Code     0  __rtentry2.o(.ARM.Collect$$rtentry$$00000002)
    __rt_entry_sh                            0x08000219   Thumb Code     0  __rtentry4.o(.ARM.Collect$$rtentry$$00000004)
    __rt_entry_li                            0x0800021f   Thumb Code     0  __rtentry2.o(.ARM.Collect$$rtentry$$0000000A)
    __rt_entry_postsh_1                      0x0800021f   Thumb Code     0  __rtentry2.o(.ARM.Collect$$rtentry$$00000009)
    __rt_entry_main                          0x08000223   Thumb Code     0  __rtentry2.o(.ARM.Collect$$rtentry$$0000000D)
    __rt_entry_postli_1                      0x08000223   Thumb Code     0  __rtentry2.o(.ARM.Collect$$rtentry$$0000000C)
    __rt_exit                                0x0800022b   Thumb Code     0  rtexit.o(.ARM.Collect$$rtexit$$00000000)
    __rt_exit_ls                             0x0800022d   Thumb Code     0  rtexit2.o(.ARM.Collect$$rtexit$$00000003)
    __rt_exit_prels_1                        0x0800022d   Thumb Code     0  rtexit2.o(.ARM.Collect$$rtexit$$00000002)
    __rt_exit_exit                           0x08000231   Thumb Code     0  rtexit2.o(.ARM.Collect$$rtexit$$00000004)
    Reset_Handler                            0x08000239   Thumb Code     8  startup_stm32f303x8.o(.text)
    ADC1_2_IRQHandler                        0x08000253   Thumb Code     0  startup_stm32f303x8.o(.text)
    CAN_RX0_IRQHandler                       0x08000253   Thumb Code     0  startup_stm32f303x8.o(.text)
    CAN_RX1_IRQHandler                       0x08000253   Thumb Code     0  startup_stm32f303x8.o(.text)
    CAN_SCE_IRQHandler                       0x08000253   Thumb Code     0  startup_stm32f303x8.o(.text)
    CAN_TX_IRQHandler                        0x08000253   Thumb Code     0  startup_stm32f303x8.o(.text)
    COMP2_IRQHandler                         0x08000253   Thumb Code     0  startup_stm32f303x8.o(.text)
    COMP4_6_IRQHandler                       0x08000253   Thumb Code     0  startup_stm32f303x8.o(.text)
    DMA1_Channel1_IRQHandler                 0x08000253   Thumb Code     0  startup_stm32f303x8.o(.text)
    DMA1_Channel2_IRQHandler                 0x08000253   Thumb Code     0  startup_stm32f303x8.o(.text)
    DMA1_Channel3_IRQHandler                 0x08000253   Thumb Code     0  startup_stm32f303x8.o(.text)
    DMA1_Channel4_IRQHandler                 0x08000253   Thumb Code     0  startup_stm32f303x8.o(.text)
    DMA1_Channel5_IRQHandler                 0x08000253   Thumb Code     0  startup_stm32f303x8.o(.text)
    DMA1_Channel6_IRQHandler                 0x08000253   Thumb Code     0  startup_stm32f303x8.o(.text)
    DMA1_Channel7_IRQHandler                 0x08000253   Thumb Code     0  startup_stm32f303x8.o(.text)
    EXTI0_IRQHandler                         0x08000253   Thumb Code     0  startup_stm32f303x8.o(.text)
    EXTI15_10_IRQHandler                     0x08000253   Thumb Code     0  startup_stm32f303x8.o(.text)
    EXTI1_IRQHandler                         0x08000253   Thumb Code     0  startup_stm32f303x8.o(.text)
    EXTI2_TSC_IRQHandler                     0x08000253   Thumb Code     0  startup_stm32f303x8.o(.text)
    EXTI3_IRQHandler                         0x08000253   Thumb Code     0  startup_stm32f303x8.o(.text)
    EXTI4_IRQHandler                         0x08000253   Thumb Code     0  startup_stm32f303x8.o(.text)
    EXTI9_5_IRQHandler                       0x08000253   Thumb Code     0  startup_stm32f303x8.o(.text)
    FLASH_IRQHandler                         0x08000253   Thumb Code     0  startup_stm32f303x8.o(.text)
    FPU_IRQHandler                           0x08000253   Thumb Code     0  startup_stm32f303x8.o(.text)
    I2C1_ER_IRQHandler                       0x08000253   Thumb Code     0  startup_stm32f303x8.o(.text)
    I2C1_EV_IRQHandler                       0x08000253   Thumb Code     0  startup_stm32f303x8.o(.text)
    PVD_IRQHandler                           0x08000253   Thumb Code     0  startup_stm32f303x8.o(.text)
    RCC_IRQHandler                           0x08000253   Thumb Code     0  startup_stm32f303x8.o(.text)
    RTC_Alarm_IRQHandler                     0x08000253   Thumb Code     0  startup_stm32f303x8.o(.text)
    RTC_WKUP_IRQHandler                      0x08000253   Thumb Code     0  startup_stm32f303x8.o(.text)
    SPI1_IRQHandler                          0x08000253   Thumb Code     0  startup_stm32f303x8.o(.text)
    TAMP_STAMP_IRQHandler                    0x08000253   Thumb Code     0  startup_stm32f303x8.o(.text)
    TIM1_BRK_TIM15_IRQHandler                0x08000253   Thumb Code     0  startup_stm32f303x8.o(.text)
    TIM1_CC_IRQHandler                       0x08000253   Thumb Code     0  startup_stm32f303x8.o(.text)
    TIM1_TRG_COM_TIM17_IRQHandler            0x08000253   Thumb Code     0  startup_stm32f303x8.o(.text)
    TIM1_UP_TIM16_IRQHandler                 0x08000253   Thumb Code     0  startup_stm32f303x8.o(.text)
    TIM2_IRQHandler                          0x08000253   Thumb Code     0  startup_stm32f303x8.o(.text)
    TIM3_IRQHandler                          0x08000253   Thumb Code     0  startup_stm32f303x8.o(.text)
    TIM6_DAC1_IRQHandler                     0x08000253   Thumb Code     0  startup_stm32f303x8.o(.text)
    TIM7_DAC2_IRQHandler                     0x08000253   Thumb Code     0  startup_stm32f303x8.o(.text)
    USART1_IRQHandler                        0x08000253   Thumb Code     0  startup_stm32f303x8.o(.text)
    USART2_IRQHandler                        0x08000253   Thumb Code     0  startup_stm32f303x8.o(.text)
    USART3_IRQHandler                        0x08000253   Thumb Code     0  startup_stm32f303x8.o(.text)
    WWDG_IRQHandler                          0x08000253   Thumb Code     0  startup_stm32f303x8.o(.text)
    __user_initial_stackheap                 0x08000255   Thumb Code     0  startup_stm32f303x8.o(.text)
    __aeabi_uldivmod                         0x08000279   Thumb Code     0  lludivv7m.o(.text)
    _ll_udiv                                 0x08000279   Thumb Code   238  lludivv7m.o(.text)
    __2sprintf                               0x08000369   Thumb Code    34  noretval__2sprintf.o(.text)
    __printf                                 0x08000391   Thumb Code   104  __printf.o(.text)
    _printf_str                              0x080003f9   Thumb Code    82  _printf_str.o(.text)
    _printf_int_dec                          0x0800044d   Thumb Code   104  _printf_dec.o(.text)
    strlen                                   0x080004c5   Thumb Code    62  strlen.o(.text)
    __aeabi_memclr4                          0x08000503   Thumb Code     0  rt_memclr_w.o(.text)
    __aeabi_memclr8                          0x08000503   Thumb Code     0  rt_memclr_w.o(.text)
    __rt_memclr_w                            0x08000503   Thumb Code    78  rt_memclr_w.o(.text)
    _memset_w                                0x08000507   Thumb Code     0  rt_memclr_w.o(.text)
    __use_two_region_memory                  0x08000551   Thumb Code     2  heapauxi.o(.text)
    __rt_heap_escrow$2region                 0x08000553   Thumb Code     2  heapauxi.o(.text)
    __rt_heap_expand$2region                 0x08000555   Thumb Code     2  heapauxi.o(.text)
    __read_errno                             0x08000557   Thumb Code    10  _rserrno.o(.text)
    __set_errno                              0x08000561   Thumb Code    12  _rserrno.o(.text)
    _printf_int_common                       0x0800056d   Thumb Code   178  _printf_intcommon.o(.text)
    _printf_char_common                      0x0800062b   Thumb Code    32  _printf_char_common.o(.text)
    _sputc                                   0x08000651   Thumb Code    10  _sputc.o(.text)
    _printf_cs_common                        0x0800065b   Thumb Code    20  _printf_char.o(.text)
    _printf_char                             0x0800066f   Thumb Code    16  _printf_char.o(.text)
    _printf_string                           0x0800067f   Thumb Code     8  _printf_char.o(.text)
    __aeabi_errno_addr                       0x08000689   Thumb Code     8  rt_errno_addr_intlibspace.o(.text)
    __errno$intlibspace                      0x08000689   Thumb Code     0  rt_errno_addr_intlibspace.o(.text)
    __rt_errno_addr$intlibspace              0x08000689   Thumb Code     0  rt_errno_addr_intlibspace.o(.text)
    __user_libspace                          0x08000691   Thumb Code     8  libspace.o(.text)
    __user_perproc_libspace                  0x08000691   Thumb Code     0  libspace.o(.text)
    __user_perthread_libspace                0x08000691   Thumb Code     0  libspace.o(.text)
    __user_setup_stackheap                   0x08000699   Thumb Code    74  sys_stackheap_outer.o(.text)
    exit                                     0x080006e3   Thumb Code    18  exit.o(.text)
    _sys_exit                                0x080006f5   Thumb Code     8  sys_exit.o(.text)
    __I$use$semihosting                      0x08000701   Thumb Code     0  use_no_semi.o(.text)
    __use_no_semihosting_swi                 0x08000701   Thumb Code     2  use_no_semi.o(.text)
    BusFault_Handler                         0x08000703   Thumb Code     4  stm32f3xx_it.o(i.BusFault_Handler)
    __semihosting_library_function           0x08000703   Thumb Code     0  indicate_semi.o(.text)
    DebugMon_Handler                         0x08000707   Thumb Code     2  stm32f3xx_it.o(i.DebugMon_Handler)
    Error_Handler                            0x08000709   Thumb Code     6  main.o(i.Error_Handler)
    HAL_Delay                                0x08000711   Thumb Code    36  stm32f3xx_hal.o(i.HAL_Delay)
    HAL_GPIO_Init                            0x08000739   Thumb Code   406  stm32f3xx_hal_gpio.o(i.HAL_GPIO_Init)
    HAL_GPIO_TogglePin                       0x080008e9   Thumb Code    20  stm32f3xx_hal_gpio.o(i.HAL_GPIO_TogglePin)
    HAL_GPIO_WritePin                        0x080008fd   Thumb Code    10  stm32f3xx_hal_gpio.o(i.HAL_GPIO_WritePin)
    HAL_GetTick                              0x08000909   Thumb Code     6  stm32f3xx_hal.o(i.HAL_GetTick)
    HAL_I2CEx_ConfigAnalogFilter             0x08000915   Thumb Code   106  stm32f3xx_hal_i2c_ex.o(i.HAL_I2CEx_ConfigAnalogFilter)
    HAL_I2CEx_ConfigDigitalFilter            0x0800097f   Thumb Code   104  stm32f3xx_hal_i2c_ex.o(i.HAL_I2CEx_ConfigDigitalFilter)
    HAL_I2C_Init                             0x080009e9   Thumb Code   192  stm32f3xx_hal_i2c.o(i.HAL_I2C_Init)
    HAL_I2C_Master_Receive                   0x08000aad   Thumb Code   348  stm32f3xx_hal_i2c.o(i.HAL_I2C_Master_Receive)
    HAL_I2C_Master_Transmit                  0x08000c11   Thumb Code   344  stm32f3xx_hal_i2c.o(i.HAL_I2C_Master_Transmit)
    HAL_I2C_Mem_Read                         0x08000d71   Thumb Code   408  stm32f3xx_hal_i2c.o(i.HAL_I2C_Mem_Read)
    HAL_I2C_Mem_Write                        0x08000f11   Thumb Code   402  stm32f3xx_hal_i2c.o(i.HAL_I2C_Mem_Write)
    HAL_I2C_MspInit                          0x080010a9   Thumb Code   110  i2c.o(i.HAL_I2C_MspInit)
    HAL_IncTick                              0x08001125   Thumb Code    16  stm32f3xx_hal.o(i.HAL_IncTick)
    HAL_Init                                 0x0800113d   Thumb Code    34  stm32f3xx_hal.o(i.HAL_Init)
    HAL_InitTick                             0x08001165   Thumb Code    64  stm32f3xx_hal.o(i.HAL_InitTick)
    HAL_MspInit                              0x080011b1   Thumb Code    58  stm32f3xx_hal_msp.o(i.HAL_MspInit)
    HAL_NVIC_SetPriority                     0x080011f1   Thumb Code   124  stm32f3xx_hal_cortex.o(i.HAL_NVIC_SetPriority)
    HAL_NVIC_SetPriorityGrouping             0x0800126d   Thumb Code    32  stm32f3xx_hal_cortex.o(i.HAL_NVIC_SetPriorityGrouping)
    HAL_RCCEx_PeriphCLKConfig                0x08001295   Thumb Code   486  stm32f3xx_hal_rcc_ex.o(i.HAL_RCCEx_PeriphCLKConfig)
    HAL_RCC_ClockConfig                      0x08001489   Thumb Code   664  stm32f3xx_hal_rcc.o(i.HAL_RCC_ClockConfig)
    HAL_RCC_GetHCLKFreq                      0x08001735   Thumb Code     6  stm32f3xx_hal_rcc.o(i.HAL_RCC_GetHCLKFreq)
    HAL_RCC_GetPCLK1Freq                     0x08001741   Thumb Code    36  stm32f3xx_hal_rcc.o(i.HAL_RCC_GetPCLK1Freq)
    HAL_RCC_GetPCLK2Freq                     0x0800176d   Thumb Code    36  stm32f3xx_hal_rcc.o(i.HAL_RCC_GetPCLK2Freq)
    HAL_RCC_GetSysClockFreq                  0x08001799   Thumb Code   138  stm32f3xx_hal_rcc.o(i.HAL_RCC_GetSysClockFreq)
    HAL_RCC_OscConfig                        0x08001839   Thumb Code  2586  stm32f3xx_hal_rcc.o(i.HAL_RCC_OscConfig)
    HAL_SYSTICK_Config                       0x0800225d   Thumb Code    52  stm32f3xx_hal_cortex.o(i.HAL_SYSTICK_Config)
    HAL_UART_Init                            0x08002291   Thumb Code   116  stm32f3xx_hal_uart.o(i.HAL_UART_Init)
    HAL_UART_MspInit                         0x08002305   Thumb Code   112  usart.o(i.HAL_UART_MspInit)
    HAL_UART_Transmit                        0x0800237d   Thumb Code   210  stm32f3xx_hal_uart.o(i.HAL_UART_Transmit)
    HardFault_Handler                        0x0800244f   Thumb Code     4  stm32f3xx_it.o(i.HardFault_Handler)
    MX_GPIO_Init                             0x0800280d   Thumb Code   102  gpio.o(i.MX_GPIO_Init)
    MX_I2C1_Init                             0x0800287d   Thumb Code    74  i2c.o(i.MX_I2C1_Init)
    MX_USART1_UART_Init                      0x080028d5   Thumb Code    56  usart.o(i.MX_USART1_UART_Init)
    MemManage_Handler                        0x08002915   Thumb Code     4  stm32f3xx_it.o(i.MemManage_Handler)
    NMI_Handler                              0x08002919   Thumb Code     4  stm32f3xx_it.o(i.NMI_Handler)
    PendSV_Handler                           0x0800291d   Thumb Code     2  stm32f3xx_it.o(i.PendSV_Handler)
    SVC_Handler                              0x0800291f   Thumb Code     2  stm32f3xx_it.o(i.SVC_Handler)
    SysTick_Handler                          0x08002921   Thumb Code     8  stm32f3xx_it.o(i.SysTick_Handler)
    SystemClock_Config                       0x08002929   Thumb Code   110  main.o(i.SystemClock_Config)
    SystemInit                               0x08002999   Thumb Code    14  system_stm32f3xx.o(i.SystemInit)
    TSL2561_CalculateLux                     0x080029ad   Thumb Code   222  tsl2561.o(i.TSL2561_CalculateLux)
    TSL2561_Disable                          0x08002a95   Thumb Code    28  tsl2561.o(i.TSL2561_Disable)
    TSL2561_Enable                           0x08002ab5   Thumb Code    28  tsl2561.o(i.TSL2561_Enable)
    TSL2561_GetLuminosity                    0x08002ad5   Thumb Code    94  tsl2561.o(i.TSL2561_GetLuminosity)
    TSL2561_Init                             0x08002b3d   Thumb Code    26  tsl2561.o(i.TSL2561_Init)
    TSL2561_Read16                           0x08002b65   Thumb Code    64  tsl2561.o(i.TSL2561_Read16)
    TSL2561_SetTiming                        0x08002bbd   Thumb Code    54  tsl2561.o(i.TSL2561_SetTiming)
    TSL2561_Write8                           0x08002c01   Thumb Code    48  tsl2561.o(i.TSL2561_Write8)
    UART_AdvFeatureConfig                    0x08002c49   Thumb Code   248  stm32f3xx_hal_uart.o(i.UART_AdvFeatureConfig)
    UART_CheckIdleState                      0x08002d41   Thumb Code   114  stm32f3xx_hal_uart.o(i.UART_CheckIdleState)
    UART_SetConfig                           0x08002db5   Thumb Code   406  stm32f3xx_hal_uart.o(i.UART_SetConfig)
    UART_WaitOnFlagUntilTimeout              0x08002f65   Thumb Code   248  stm32f3xx_hal_uart.o(i.UART_WaitOnFlagUntilTimeout)
    UsageFault_Handler                       0x0800305d   Thumb Code     4  stm32f3xx_it.o(i.UsageFault_Handler)
    _Error_Handler                           0x08003061   Thumb Code    22  tsl2561.o(i._Error_Handler)
    __ARM_fpclassifyf                        0x08003081   Thumb Code    38  fpclassifyf.o(i.__ARM_fpclassifyf)
    __hardfp_powf                            0x080030e1   Thumb Code  1606  powf.o(i.__hardfp_powf)
    __mathlib_powf                           0x080030e1   Thumb Code     0  powf.o(i.__hardfp_powf)
    __mathlib_flt_divzero                    0x08003745   Thumb Code    14  funder.o(i.__mathlib_flt_divzero)
    __mathlib_flt_infnan2                    0x08003759   Thumb Code     6  funder.o(i.__mathlib_flt_infnan2)
    __mathlib_flt_invalid                    0x08003761   Thumb Code    10  funder.o(i.__mathlib_flt_invalid)
    __mathlib_flt_overflow                   0x08003771   Thumb Code    10  funder.o(i.__mathlib_flt_overflow)
    __mathlib_flt_underflow                  0x08003781   Thumb Code    10  funder.o(i.__mathlib_flt_underflow)
    begin                                    0x08003791   Thumb Code    50  adafruit_tcs34725.o(i.begin)
    calculateColorTemperature                0x080037cd   Thumb Code   320  adafruit_tcs34725.o(i.calculateColorTemperature)
    enable                                   0x08003949   Thumb Code    20  adafruit_tcs34725.o(i.enable)
    getRGB                                   0x0800395d   Thumb Code   228  adafruit_tcs34725.o(i.getRGB)
    getRawData                               0x08003a49   Thumb Code   140  adafruit_tcs34725.o(i.getRawData)
    main                                     0x08003add   Thumb Code   314  main.o(i.main)
    read16                                   0x08003c6d   Thumb Code    70  adafruit_tcs34725.o(i.read16)
    read8                                    0x08003cbd   Thumb Code    54  adafruit_tcs34725.o(i.read8)
    setGain                                  0x08003cfd   Thumb Code    28  adafruit_tcs34725.o(i.setGain)
    setIntegrationTime                       0x08003d21   Thumb Code    28  adafruit_tcs34725.o(i.setIntegrationTime)
    setInterrupt                             0x08003d45   Thumb Code    34  adafruit_tcs34725.o(i.setInterrupt)
    ssd1306_DrawPixel                        0x08003d69   Thumb Code   136  ssd1306.o(i.ssd1306_DrawPixel)
    ssd1306_Fill                             0x08003df5   Thumb Code    28  ssd1306.o(i.ssd1306_Fill)
    ssd1306_Init                             0x08003e15   Thumb Code   198  ssd1306.o(i.ssd1306_Init)
    ssd1306_Reset                            0x08003ee1   Thumb Code     2  ssd1306.o(i.ssd1306_Reset)
    ssd1306_SetContrast                      0x08003ee3   Thumb Code    20  ssd1306.o(i.ssd1306_SetContrast)
    ssd1306_SetCursor                        0x08003ef9   Thumb Code     8  ssd1306.o(i.ssd1306_SetCursor)
    ssd1306_SetDisplayOn                     0x08003f05   Thumb Code    32  ssd1306.o(i.ssd1306_SetDisplayOn)
    ssd1306_UpdateScreen                     0x08003f29   Thumb Code    52  ssd1306.o(i.ssd1306_UpdateScreen)
    ssd1306_WriteChar                        0x08003f61   Thumb Code   184  ssd1306.o(i.ssd1306_WriteChar)
    ssd1306_WriteCommand                     0x0800401d   Thumb Code    34  ssd1306.o(i.ssd1306_WriteCommand)
    ssd1306_WriteData                        0x08004045   Thumb Code    32  ssd1306.o(i.ssd1306_WriteData)
    ssd1306_WriteString                      0x08004069   Thumb Code    44  ssd1306.o(i.ssd1306_WriteString)
    ssd1306_showmessage                      0x08004095   Thumb Code    80  ssd1306_tests.o(i.ssd1306_showmessage)
    tcs3272_init                             0x080040e9   Thumb Code    12  adafruit_tcs34725.o(i.tcs3272_init)
    write8                                   0x080040f5   Thumb Code    40  adafruit_tcs34725.o(i.write8)
    __aeabi_d2uiz                            0x08004125   Thumb Code     0  dfixu.o(x$fpl$dfixu)
    _dfixu                                   0x08004125   Thumb Code    90  dfixu.o(x$fpl$dfixu)
    __aeabi_dmul                             0x08004181   Thumb Code     0  dmul.o(x$fpl$dmul)
    _dmul                                    0x08004181   Thumb Code   332  dmul.o(x$fpl$dmul)
    __fpl_dnaninf                            0x080042d5   Thumb Code   156  dnaninf.o(x$fpl$dnaninf)
    __fpl_dretinf                            0x08004371   Thumb Code    12  dretinf.o(x$fpl$dretinf)
    __aeabi_f2d                              0x0800437d   Thumb Code     0  f2d.o(x$fpl$f2d)
    _f2d                                     0x0800437d   Thumb Code    86  f2d.o(x$fpl$f2d)
    __fpl_fnaninf                            0x080043d3   Thumb Code   140  fnaninf.o(x$fpl$fnaninf)
    _fp_init                                 0x0800445f   Thumb Code    10  fpinit.o(x$fpl$fpinit)
    __fplib_config_fpu_vfp                   0x08004467   Thumb Code     0  fpinit.o(x$fpl$fpinit)
    __fplib_config_pureend_doubles           0x08004467   Thumb Code     0  fpinit.o(x$fpl$fpinit)
    __I$use$fp                               0x08004468   Number         0  usenofp.o(x$fpl$usenofp)
    aPLLMULFactorTable                       0x08004468   Data          16  stm32f3xx_hal_rcc.o(.constdata)
    aPredivFactorTable                       0x08004478   Data          16  stm32f3xx_hal_rcc.o(.constdata)
    AHBPrescTable                            0x08004488   Data          16  system_stm32f3xx.o(.constdata)
    APBPrescTable                            0x08004498   Data           8  system_stm32f3xx.o(.constdata)
    Region$$Table$$Base                      0x080073e4   Number         0  anon$$obj.o(Region$$Table)
    Region$$Table$$Limit                     0x08007404   Number         0  anon$$obj.o(Region$$Table)
    uwTick                                   0x20000000   Data           4  stm32f3xx_hal.o(.data)
    uwTickPrio                               0x20000004   Data           4  stm32f3xx_hal.o(.data)
    uwTickFreq                               0x20000008   Data           1  stm32f3xx_hal.o(.data)
    SystemCoreClock                          0x2000000c   Data           4  system_stm32f3xx.o(.data)
    dataT                                    0x20000014   Data           3  adafruit_tcs34725.o(.data)
    dataR                                    0x20000017   Data           3  adafruit_tcs34725.o(.data)
    timeOut                                  0x2000001a   Data           2  adafruit_tcs34725.o(.data)
    _tcs34725Initialised                     0x2000001c   Data           4  adafruit_tcs34725.o(.data)
    _tcs34725Gain                            0x20000020   Data           1  adafruit_tcs34725.o(.data)
    _tcs34725IntegrationTime                 0x20000021   Data           1  adafruit_tcs34725.o(.data)
    Font_6x8                                 0x20000028   Data           8  ssd1306_fonts.o(.data)
    Font_7x10                                0x20000030   Data           8  ssd1306_fonts.o(.data)
    Font_11x18                               0x20000038   Data           8  ssd1306_fonts.o(.data)
    Font_16x26                               0x20000040   Data           8  ssd1306_fonts.o(.data)
    hi2c1                                    0x20000048   Data          76  i2c.o(.bss)
    huart1                                   0x20000094   Data         132  usart.o(.bss)
    __libspace_start                         0x20000518   Data          96  libspace.o(.bss)
    __temporary_stack_top$libspace           0x20000578   Data           0  libspace.o(.bss)



==============================================================================

Memory Map of the image

  Image Entry point : 0x08000189

  Load Region LR_IROM1 (Base: 0x08000000, Size: 0x0000744c, Max: 0x00010000, ABSOLUTE)

    Execution Region ER_IROM1 (Exec base: 0x08000000, Load base: 0x08000000, Size: 0x00007404, Max: 0x00010000, ABSOLUTE)

    Exec Addr    Load Addr    Size         Type   Attr      Idx    E Section Name        Object

    0x08000000   0x08000000   0x00000188   Data   RO            3    RESET               startup_stm32f303x8.o
    0x08000188   0x08000188   0x00000008   Code   RO         3130  * !!!main             c_w.l(__main.o)
    0x08000190   0x08000190   0x00000034   Code   RO         3456    !!!scatter          c_w.l(__scatter.o)
    0x080001c4   0x080001c4   0x0000001a   Code   RO         3458    !!handler_copy      c_w.l(__scatter_copy.o)
    0x080001de   0x080001de   0x00000002   PAD
    0x080001e0   0x080001e0   0x0000001c   Code   RO         3460    !!handler_zi        c_w.l(__scatter_zi.o)
    0x080001fc   0x080001fc   0x00000000   Code   RO         3117    .ARM.Collect$$_printf_percent$$00000000  c_w.l(_printf_percent.o)
    0x080001fc   0x080001fc   0x00000006   Code   RO         3116    .ARM.Collect$$_printf_percent$$00000009  c_w.l(_printf_d.o)
    0x08000202   0x08000202   0x00000006   Code   RO         3115    .ARM.Collect$$_printf_percent$$00000014  c_w.l(_printf_s.o)
    0x08000208   0x08000208   0x00000004   Code   RO         3211    .ARM.Collect$$_printf_percent$$00000017  c_w.l(_printf_percent_end.o)
    0x0800020c   0x0800020c   0x00000002   Code   RO         3327    .ARM.Collect$$libinit$$00000000  c_w.l(libinit.o)
    0x0800020e   0x0800020e   0x00000004   Code   RO         3336    .ARM.Collect$$libinit$$00000001  c_w.l(libinit2.o)
    0x08000212   0x08000212   0x00000000   Code   RO         3339    .ARM.Collect$$libinit$$00000004  c_w.l(libinit2.o)
    0x08000212   0x08000212   0x00000000   Code   RO         3342    .ARM.Collect$$libinit$$0000000A  c_w.l(libinit2.o)
    0x08000212   0x08000212   0x00000000   Code   RO         3344    .ARM.Collect$$libinit$$0000000C  c_w.l(libinit2.o)
    0x08000212   0x08000212   0x00000000   Code   RO         3346    .ARM.Collect$$libinit$$0000000E  c_w.l(libinit2.o)
    0x08000212   0x08000212   0x00000000   Code   RO         3349    .ARM.Collect$$libinit$$00000011  c_w.l(libinit2.o)
    0x08000212   0x08000212   0x00000000   Code   RO         3351    .ARM.Collect$$libinit$$00000013  c_w.l(libinit2.o)
    0x08000212   0x08000212   0x00000000   Code   RO         3353    .ARM.Collect$$libinit$$00000015  c_w.l(libinit2.o)
    0x08000212   0x08000212   0x00000000   Code   RO         3355    .ARM.Collect$$libinit$$00000017  c_w.l(libinit2.o)
    0x08000212   0x08000212   0x00000000   Code   RO         3357    .ARM.Collect$$libinit$$00000019  c_w.l(libinit2.o)
    0x08000212   0x08000212   0x00000000   Code   RO         3359    .ARM.Collect$$libinit$$0000001B  c_w.l(libinit2.o)
    0x08000212   0x08000212   0x00000000   Code   RO         3361    .ARM.Collect$$libinit$$0000001D  c_w.l(libinit2.o)
    0x08000212   0x08000212   0x00000000   Code   RO         3363    .ARM.Collect$$libinit$$0000001F  c_w.l(libinit2.o)
    0x08000212   0x08000212   0x00000000   Code   RO         3365    .ARM.Collect$$libinit$$00000021  c_w.l(libinit2.o)
    0x08000212   0x08000212   0x00000000   Code   RO         3367    .ARM.Collect$$libinit$$00000023  c_w.l(libinit2.o)
    0x08000212   0x08000212   0x00000000   Code   RO         3369    .ARM.Collect$$libinit$$00000025  c_w.l(libinit2.o)
    0x08000212   0x08000212   0x00000000   Code   RO         3373    .ARM.Collect$$libinit$$0000002C  c_w.l(libinit2.o)
    0x08000212   0x08000212   0x00000000   Code   RO         3375    .ARM.Collect$$libinit$$0000002E  c_w.l(libinit2.o)
    0x08000212   0x08000212   0x00000000   Code   RO         3377    .ARM.Collect$$libinit$$00000030  c_w.l(libinit2.o)
    0x08000212   0x08000212   0x00000000   Code   RO         3379    .ARM.Collect$$libinit$$00000032  c_w.l(libinit2.o)
    0x08000212   0x08000212   0x00000002   Code   RO         3380    .ARM.Collect$$libinit$$00000033  c_w.l(libinit2.o)
    0x08000214   0x08000214   0x00000002   Code   RO         3411    .ARM.Collect$$libshutdown$$00000000  c_w.l(libshutdown.o)
    0x08000216   0x08000216   0x00000000   Code   RO         3437    .ARM.Collect$$libshutdown$$00000002  c_w.l(libshutdown2.o)
    0x08000216   0x08000216   0x00000000   Code   RO         3439    .ARM.Collect$$libshutdown$$00000004  c_w.l(libshutdown2.o)
    0x08000216   0x08000216   0x00000000   Code   RO         3441    .ARM.Collect$$libshutdown$$00000006  c_w.l(libshutdown2.o)
    0x08000216   0x08000216   0x00000000   Code   RO         3444    .ARM.Collect$$libshutdown$$00000009  c_w.l(libshutdown2.o)
    0x08000216   0x08000216   0x00000000   Code   RO         3447    .ARM.Collect$$libshutdown$$0000000C  c_w.l(libshutdown2.o)
    0x08000216   0x08000216   0x00000000   Code   RO         3449    .ARM.Collect$$libshutdown$$0000000E  c_w.l(libshutdown2.o)
    0x08000216   0x08000216   0x00000000   Code   RO         3452    .ARM.Collect$$libshutdown$$00000011  c_w.l(libshutdown2.o)
    0x08000216   0x08000216   0x00000002   Code   RO         3453    .ARM.Collect$$libshutdown$$00000012  c_w.l(libshutdown2.o)
    0x08000218   0x08000218   0x00000000   Code   RO         3194    .ARM.Collect$$rtentry$$00000000  c_w.l(__rtentry.o)
    0x08000218   0x08000218   0x00000000   Code   RO         3272    .ARM.Collect$$rtentry$$00000002  c_w.l(__rtentry2.o)
    0x08000218   0x08000218   0x00000006   Code   RO         3284    .ARM.Collect$$rtentry$$00000004  c_w.l(__rtentry4.o)
    0x0800021e   0x0800021e   0x00000000   Code   RO         3274    .ARM.Collect$$rtentry$$00000009  c_w.l(__rtentry2.o)
    0x0800021e   0x0800021e   0x00000004   Code   RO         3275    .ARM.Collect$$rtentry$$0000000A  c_w.l(__rtentry2.o)
    0x08000222   0x08000222   0x00000000   Code   RO         3277    .ARM.Collect$$rtentry$$0000000C  c_w.l(__rtentry2.o)
    0x08000222   0x08000222   0x00000008   Code   RO         3278    .ARM.Collect$$rtentry$$0000000D  c_w.l(__rtentry2.o)
    0x0800022a   0x0800022a   0x00000002   Code   RO         3328    .ARM.Collect$$rtexit$$00000000  c_w.l(rtexit.o)
    0x0800022c   0x0800022c   0x00000000   Code   RO         3384    .ARM.Collect$$rtexit$$00000002  c_w.l(rtexit2.o)
    0x0800022c   0x0800022c   0x00000004   Code   RO         3385    .ARM.Collect$$rtexit$$00000003  c_w.l(rtexit2.o)
    0x08000230   0x08000230   0x00000006   Code   RO         3386    .ARM.Collect$$rtexit$$00000004  c_w.l(rtexit2.o)
    0x08000236   0x08000236   0x00000002   PAD
    0x08000238   0x08000238   0x00000040   Code   RO            4    .text               startup_stm32f303x8.o
    0x08000278   0x08000278   0x000000ee   Code   RO         3077    .text               c_w.l(lludivv7m.o)
    0x08000366   0x08000366   0x00000002   PAD
    0x08000368   0x08000368   0x00000028   Code   RO         3085    .text               c_w.l(noretval__2sprintf.o)
    0x08000390   0x08000390   0x00000068   Code   RO         3089    .text               c_w.l(__printf.o)
    0x080003f8   0x080003f8   0x00000052   Code   RO         3091    .text               c_w.l(_printf_str.o)
    0x0800044a   0x0800044a   0x00000002   PAD
    0x0800044c   0x0800044c   0x00000078   Code   RO         3093    .text               c_w.l(_printf_dec.o)
    0x080004c4   0x080004c4   0x0000003e   Code   RO         3118    .text               c_w.l(strlen.o)
    0x08000502   0x08000502   0x0000004e   Code   RO         3126    .text               c_w.l(rt_memclr_w.o)
    0x08000550   0x08000550   0x00000006   Code   RO         3128    .text               c_w.l(heapauxi.o)
    0x08000556   0x08000556   0x00000016   Code   RO         3199    .text               c_w.l(_rserrno.o)
    0x0800056c   0x0800056c   0x000000b2   Code   RO         3201    .text               c_w.l(_printf_intcommon.o)
    0x0800061e   0x0800061e   0x00000002   PAD
    0x08000620   0x08000620   0x00000030   Code   RO         3203    .text               c_w.l(_printf_char_common.o)
    0x08000650   0x08000650   0x0000000a   Code   RO         3205    .text               c_w.l(_sputc.o)
    0x0800065a   0x0800065a   0x0000002c   Code   RO         3209    .text               c_w.l(_printf_char.o)
    0x08000686   0x08000686   0x00000002   PAD
    0x08000688   0x08000688   0x00000008   Code   RO         3291    .text               c_w.l(rt_errno_addr_intlibspace.o)
    0x08000690   0x08000690   0x00000008   Code   RO         3311    .text               c_w.l(libspace.o)
    0x08000698   0x08000698   0x0000004a   Code   RO         3314    .text               c_w.l(sys_stackheap_outer.o)
    0x080006e2   0x080006e2   0x00000012   Code   RO         3316    .text               c_w.l(exit.o)
    0x080006f4   0x080006f4   0x0000000c   Code   RO         3381    .text               c_w.l(sys_exit.o)
    0x08000700   0x08000700   0x00000002   Code   RO         3400    .text               c_w.l(use_no_semi.o)
    0x08000702   0x08000702   0x00000000   Code   RO         3402    .text               c_w.l(indicate_semi.o)
    0x08000702   0x08000702   0x00000004   Code   RO          384    i.BusFault_Handler  stm32f3xx_it.o
    0x08000706   0x08000706   0x00000002   Code   RO          385    i.DebugMon_Handler  stm32f3xx_it.o
    0x08000708   0x08000708   0x00000006   Code   RO           13    i.Error_Handler     main.o
    0x0800070e   0x0800070e   0x00000002   PAD
    0x08000710   0x08000710   0x00000028   Code   RO         1006    i.HAL_Delay         stm32f3xx_hal.o
    0x08000738   0x08000738   0x000001b0   Code   RO         1323    i.HAL_GPIO_Init     stm32f3xx_hal_gpio.o
    0x080008e8   0x080008e8   0x00000014   Code   RO         1326    i.HAL_GPIO_TogglePin  stm32f3xx_hal_gpio.o
    0x080008fc   0x080008fc   0x0000000a   Code   RO         1327    i.HAL_GPIO_WritePin  stm32f3xx_hal_gpio.o
    0x08000906   0x08000906   0x00000002   PAD
    0x08000908   0x08000908   0x0000000c   Code   RO         1010    i.HAL_GetTick       stm32f3xx_hal.o
    0x08000914   0x08000914   0x0000006a   Code   RO          945    i.HAL_I2CEx_ConfigAnalogFilter  stm32f3xx_hal_i2c_ex.o
    0x0800097e   0x0800097e   0x00000068   Code   RO          946    i.HAL_I2CEx_ConfigDigitalFilter  stm32f3xx_hal_i2c_ex.o
    0x080009e6   0x080009e6   0x00000002   PAD
    0x080009e8   0x080009e8   0x000000c4   Code   RO          494    i.HAL_I2C_Init      stm32f3xx_hal_i2c.o
    0x08000aac   0x08000aac   0x00000164   Code   RO          500    i.HAL_I2C_Master_Receive  stm32f3xx_hal_i2c.o
    0x08000c10   0x08000c10   0x00000160   Code   RO          507    i.HAL_I2C_Master_Transmit  stm32f3xx_hal_i2c.o
    0x08000d70   0x08000d70   0x000001a0   Code   RO          512    i.HAL_I2C_Mem_Read  stm32f3xx_hal_i2c.o
    0x08000f10   0x08000f10   0x00000198   Code   RO          515    i.HAL_I2C_Mem_Write  stm32f3xx_hal_i2c.o
    0x080010a8   0x080010a8   0x0000007c   Code   RO          301    i.HAL_I2C_MspInit   i2c.o
    0x08001124   0x08001124   0x00000018   Code   RO         1016    i.HAL_IncTick       stm32f3xx_hal.o
    0x0800113c   0x0800113c   0x00000028   Code   RO         1017    i.HAL_Init          stm32f3xx_hal.o
    0x08001164   0x08001164   0x0000004c   Code   RO         1018    i.HAL_InitTick      stm32f3xx_hal.o
    0x080011b0   0x080011b0   0x00000040   Code   RO          459    i.HAL_MspInit       stm32f3xx_hal_msp.o
    0x080011f0   0x080011f0   0x0000007c   Code   RO         1494    i.HAL_NVIC_SetPriority  stm32f3xx_hal_cortex.o
    0x0800126c   0x0800126c   0x00000028   Code   RO         1495    i.HAL_NVIC_SetPriorityGrouping  stm32f3xx_hal_cortex.o
    0x08001294   0x08001294   0x000001f4   Code   RO         1280    i.HAL_RCCEx_PeriphCLKConfig  stm32f3xx_hal_rcc_ex.o
    0x08001488   0x08001488   0x000002ac   Code   RO         1174    i.HAL_RCC_ClockConfig  stm32f3xx_hal_rcc.o
    0x08001734   0x08001734   0x0000000c   Code   RO         1179    i.HAL_RCC_GetHCLKFreq  stm32f3xx_hal_rcc.o
    0x08001740   0x08001740   0x0000002c   Code   RO         1181    i.HAL_RCC_GetPCLK1Freq  stm32f3xx_hal_rcc.o
    0x0800176c   0x0800176c   0x0000002c   Code   RO         1182    i.HAL_RCC_GetPCLK2Freq  stm32f3xx_hal_rcc.o
    0x08001798   0x08001798   0x000000a0   Code   RO         1183    i.HAL_RCC_GetSysClockFreq  stm32f3xx_hal_rcc.o
    0x08001838   0x08001838   0x00000a24   Code   RO         1186    i.HAL_RCC_OscConfig  stm32f3xx_hal_rcc.o
    0x0800225c   0x0800225c   0x00000034   Code   RO         1499    i.HAL_SYSTICK_Config  stm32f3xx_hal_cortex.o
    0x08002290   0x08002290   0x00000074   Code   RO         2092    i.HAL_UART_Init     stm32f3xx_hal_uart.o
    0x08002304   0x08002304   0x00000078   Code   RO          343    i.HAL_UART_MspInit  usart.o
    0x0800237c   0x0800237c   0x000000d2   Code   RO         2101    i.HAL_UART_Transmit  stm32f3xx_hal_uart.o
    0x0800244e   0x0800244e   0x00000004   Code   RO          386    i.HardFault_Handler  stm32f3xx_it.o
    0x08002452   0x08002452   0x00000028   Code   RO          541    i.I2C_Flush_TXDR    stm32f3xx_hal_i2c.o
    0x0800247a   0x0800247a   0x00000002   PAD
    0x0800247c   0x0800247c   0x000000b4   Code   RO          549    i.I2C_IsAcknowledgeFailed  stm32f3xx_hal_i2c.o
    0x08002530   0x08002530   0x0000007c   Code   RO          552    i.I2C_RequestMemoryRead  stm32f3xx_hal_i2c.o
    0x080025ac   0x080025ac   0x0000007c   Code   RO          553    i.I2C_RequestMemoryWrite  stm32f3xx_hal_i2c.o
    0x08002628   0x08002628   0x00000034   Code   RO          556    i.I2C_TransferConfig  stm32f3xx_hal_i2c.o
    0x0800265c   0x0800265c   0x0000005e   Code   RO          558    i.I2C_WaitOnFlagUntilTimeout  stm32f3xx_hal_i2c.o
    0x080026ba   0x080026ba   0x00000002   PAD
    0x080026bc   0x080026bc   0x000000a0   Code   RO          559    i.I2C_WaitOnRXNEFlagUntilTimeout  stm32f3xx_hal_i2c.o
    0x0800275c   0x0800275c   0x00000056   Code   RO          560    i.I2C_WaitOnSTOPFlagUntilTimeout  stm32f3xx_hal_i2c.o
    0x080027b2   0x080027b2   0x0000005a   Code   RO          561    i.I2C_WaitOnTXISFlagUntilTimeout  stm32f3xx_hal_i2c.o
    0x0800280c   0x0800280c   0x00000070   Code   RO          186    i.MX_GPIO_Init      gpio.o
    0x0800287c   0x0800287c   0x00000058   Code   RO          302    i.MX_I2C1_Init      i2c.o
    0x080028d4   0x080028d4   0x00000040   Code   RO          344    i.MX_USART1_UART_Init  usart.o
    0x08002914   0x08002914   0x00000004   Code   RO          387    i.MemManage_Handler  stm32f3xx_it.o
    0x08002918   0x08002918   0x00000004   Code   RO          388    i.NMI_Handler       stm32f3xx_it.o
    0x0800291c   0x0800291c   0x00000002   Code   RO          389    i.PendSV_Handler    stm32f3xx_it.o
    0x0800291e   0x0800291e   0x00000002   Code   RO          390    i.SVC_Handler       stm32f3xx_it.o
    0x08002920   0x08002920   0x00000008   Code   RO          391    i.SysTick_Handler   stm32f3xx_it.o
    0x08002928   0x08002928   0x0000006e   Code   RO           14    i.SystemClock_Config  main.o
    0x08002996   0x08002996   0x00000002   PAD
    0x08002998   0x08002998   0x00000014   Code   RO         2538    i.SystemInit        system_stm32f3xx.o
    0x080029ac   0x080029ac   0x000000e8   Code   RO         2574    i.TSL2561_CalculateLux  tsl2561.o
    0x08002a94   0x08002a94   0x00000020   Code   RO         2575    i.TSL2561_Disable   tsl2561.o
    0x08002ab4   0x08002ab4   0x00000020   Code   RO         2576    i.TSL2561_Enable    tsl2561.o
    0x08002ad4   0x08002ad4   0x00000068   Code   RO         2577    i.TSL2561_GetLuminosity  tsl2561.o
    0x08002b3c   0x08002b3c   0x00000028   Code   RO         2578    i.TSL2561_Init      tsl2561.o
    0x08002b64   0x08002b64   0x00000058   Code   RO         2579    i.TSL2561_Read16    tsl2561.o
    0x08002bbc   0x08002bbc   0x00000044   Code   RO         2580    i.TSL2561_SetTiming  tsl2561.o
    0x08002c00   0x08002c00   0x00000048   Code   RO         2581    i.TSL2561_Write8    tsl2561.o
    0x08002c48   0x08002c48   0x000000f8   Code   RO         2106    i.UART_AdvFeatureConfig  stm32f3xx_hal_uart.o
    0x08002d40   0x08002d40   0x00000072   Code   RO         2107    i.UART_CheckIdleState  stm32f3xx_hal_uart.o
    0x08002db2   0x08002db2   0x00000002   PAD
    0x08002db4   0x08002db4   0x000001b0   Code   RO         2123    i.UART_SetConfig    stm32f3xx_hal_uart.o
    0x08002f64   0x08002f64   0x000000f8   Code   RO         2128    i.UART_WaitOnFlagUntilTimeout  stm32f3xx_hal_uart.o
    0x0800305c   0x0800305c   0x00000004   Code   RO          392    i.UsageFault_Handler  stm32f3xx_it.o
    0x08003060   0x08003060   0x00000020   Code   RO         2583    i._Error_Handler    tsl2561.o
    0x08003080   0x08003080   0x00000026   Code   RO         3244    i.__ARM_fpclassifyf  m_wm.l(fpclassifyf.o)
    0x080030a6   0x080030a6   0x00000002   PAD
    0x080030a8   0x080030a8   0x00000010   Code   RO         1501    i.__NVIC_GetPriorityGrouping  stm32f3xx_hal_cortex.o
    0x080030b8   0x080030b8   0x00000028   Code   RO         1502    i.__NVIC_SetPriority  stm32f3xx_hal_cortex.o
    0x080030e0   0x080030e0   0x00000664   Code   RO         3168    i.__hardfp_powf     m_wm.l(powf.o)
    0x08003744   0x08003744   0x00000014   Code   RO         3246    i.__mathlib_flt_divzero  m_wm.l(funder.o)
    0x08003758   0x08003758   0x00000006   Code   RO         3248    i.__mathlib_flt_infnan2  m_wm.l(funder.o)
    0x0800375e   0x0800375e   0x00000002   PAD
    0x08003760   0x08003760   0x00000010   Code   RO         3249    i.__mathlib_flt_invalid  m_wm.l(funder.o)
    0x08003770   0x08003770   0x00000010   Code   RO         3250    i.__mathlib_flt_overflow  m_wm.l(funder.o)
    0x08003780   0x08003780   0x00000010   Code   RO         3252    i.__mathlib_flt_underflow  m_wm.l(funder.o)
    0x08003790   0x08003790   0x0000003c   Code   RO         2654    i.begin             adafruit_tcs34725.o
    0x080037cc   0x080037cc   0x0000017c   Code   RO         2655    i.calculateColorTemperature  adafruit_tcs34725.o
    0x08003948   0x08003948   0x00000014   Code   RO         2660    i.enable            adafruit_tcs34725.o
    0x0800395c   0x0800395c   0x000000ec   Code   RO         2661    i.getRGB            adafruit_tcs34725.o
    0x08003a48   0x08003a48   0x00000094   Code   RO         2662    i.getRawData        adafruit_tcs34725.o
    0x08003adc   0x08003adc   0x00000190   Code   RO           15    i.main              main.o
    0x08003c6c   0x08003c6c   0x00000050   Code   RO         2663    i.read16            adafruit_tcs34725.o
    0x08003cbc   0x08003cbc   0x00000040   Code   RO         2664    i.read8             adafruit_tcs34725.o
    0x08003cfc   0x08003cfc   0x00000024   Code   RO         2665    i.setGain           adafruit_tcs34725.o
    0x08003d20   0x08003d20   0x00000024   Code   RO         2667    i.setIntegrationTime  adafruit_tcs34725.o
    0x08003d44   0x08003d44   0x00000022   Code   RO         2668    i.setInterrupt      adafruit_tcs34725.o
    0x08003d66   0x08003d66   0x00000002   PAD
    0x08003d68   0x08003d68   0x0000008c   Code   RO         2798    i.ssd1306_DrawPixel  ssd1306.o
    0x08003df4   0x08003df4   0x00000020   Code   RO         2800    i.ssd1306_Fill      ssd1306.o
    0x08003e14   0x08003e14   0x000000cc   Code   RO         2803    i.ssd1306_Init      ssd1306.o
    0x08003ee0   0x08003ee0   0x00000002   Code   RO         2807    i.ssd1306_Reset     ssd1306.o
    0x08003ee2   0x08003ee2   0x00000014   Code   RO         2808    i.ssd1306_SetContrast  ssd1306.o
    0x08003ef6   0x08003ef6   0x00000002   PAD
    0x08003ef8   0x08003ef8   0x0000000c   Code   RO         2809    i.ssd1306_SetCursor  ssd1306.o
    0x08003f04   0x08003f04   0x00000024   Code   RO         2810    i.ssd1306_SetDisplayOn  ssd1306.o
    0x08003f28   0x08003f28   0x00000038   Code   RO         2811    i.ssd1306_UpdateScreen  ssd1306.o
    0x08003f60   0x08003f60   0x000000bc   Code   RO         2812    i.ssd1306_WriteChar  ssd1306.o
    0x0800401c   0x0800401c   0x00000028   Code   RO         2813    i.ssd1306_WriteCommand  ssd1306.o
    0x08004044   0x08004044   0x00000024   Code   RO         2814    i.ssd1306_WriteData  ssd1306.o
    0x08004068   0x08004068   0x0000002c   Code   RO         2815    i.ssd1306_WriteString  ssd1306.o
    0x08004094   0x08004094   0x00000054   Code   RO         2983    i.ssd1306_showmessage  ssd1306_tests.o
    0x080040e8   0x080040e8   0x0000000c   Code   RO         2669    i.tcs3272_init      adafruit_tcs34725.o
    0x080040f4   0x080040f4   0x00000030   Code   RO         2671    i.write8            adafruit_tcs34725.o
    0x08004124   0x08004124   0x0000005a   Code   RO         3142    x$fpl$dfixu         fz_wm.l(dfixu.o)
    0x0800417e   0x0800417e   0x00000002   PAD
    0x08004180   0x08004180   0x00000154   Code   RO         3152    x$fpl$dmul          fz_wm.l(dmul.o)
    0x080042d4   0x080042d4   0x0000009c   Code   RO         3216    x$fpl$dnaninf       fz_wm.l(dnaninf.o)
    0x08004370   0x08004370   0x0000000c   Code   RO         3218    x$fpl$dretinf       fz_wm.l(dretinf.o)
    0x0800437c   0x0800437c   0x00000056   Code   RO         3154    x$fpl$f2d           fz_wm.l(f2d.o)
    0x080043d2   0x080043d2   0x0000008c   Code   RO         3220    x$fpl$fnaninf       fz_wm.l(fnaninf.o)
    0x0800445e   0x0800445e   0x0000000a   Code   RO         3396    x$fpl$fpinit        fz_wm.l(fpinit.o)
    0x08004468   0x08004468   0x00000000   Code   RO         3226    x$fpl$usenofp       fz_wm.l(usenofp.o)
    0x08004468   0x08004468   0x00000020   Data   RO         1187    .constdata          stm32f3xx_hal_rcc.o
    0x08004488   0x08004488   0x00000018   Data   RO         2539    .constdata          system_stm32f3xx.o
    0x080044a0   0x080044a0   0x00002e04   Data   RO         2956    .constdata          ssd1306_fonts.o
    0x080072a4   0x080072a4   0x00000140   Data   RO         3171    .constdata          m_wm.l(powf.o)
    0x080073e4   0x080073e4   0x00000020   Data   RO         3454    Region$$Table       anon$$obj.o


    Execution Region RW_IRAM2 (Exec base: 0x10000000, Load base: 0x0800744c, Size: 0x00000000, Max: 0x00001000, ABSOLUTE)

    **** No section assigned to this execution region ****


    Execution Region RW_IRAM1 (Exec base: 0x20000000, Load base: 0x08007404, Size: 0x00000b78, Max: 0x00003000, ABSOLUTE)

    Exec Addr    Load Addr    Size         Type   Attr      Idx    E Section Name        Object

    0x20000000   0x08007404   0x00000009   Data   RW         1024    .data               stm32f3xx_hal.o
    0x20000009   0x0800740d   0x00000003   PAD
    0x2000000c   0x08007410   0x00000004   Data   RW         2540    .data               system_stm32f3xx.o
    0x20000010   0x08007414   0x00000003   Data   RW         2584    .data               tsl2561.o
    0x20000013   0x08007417   0x00000001   PAD
    0x20000014   0x08007418   0x0000000e   Data   RW         2672    .data               adafruit_tcs34725.o
    0x20000022   0x08007426   0x00000006   Data   RW         2817    .data               ssd1306.o
    0x20000028   0x0800742c   0x00000020   Data   RW         2957    .data               ssd1306_fonts.o
    0x20000048        -       0x0000004c   Zero   RW          303    .bss                i2c.o
    0x20000094        -       0x00000084   Zero   RW          345    .bss                usart.o
    0x20000118        -       0x00000400   Zero   RW         2816    .bss                ssd1306.o
    0x20000518        -       0x00000060   Zero   RW         3312    .bss                c_w.l(libspace.o)
    0x20000578        -       0x00000200   Zero   RW            2    HEAP                startup_stm32f303x8.o
    0x20000778        -       0x00000400   Zero   RW            1    STACK               startup_stm32f303x8.o


==============================================================================

Image component sizes


      Code (inc. data)   RO Data    RW Data    ZI Data      Debug   Object Name

      1154        130          0         14          0      10780   adafruit_tcs34725.o
       112         10          0          0          0     484135   gpio.o
       212         28          0          0         76       1717   i2c.o
       516         86          0          0          0     471176   main.o
       810         40          0          6       1024       9614   ssd1306.o
         0          0      11780         32          0       1195   ssd1306_fonts.o
        84          4          0          0          0        694   ssd1306_tests.o
        64         26        392          0       1536        852   startup_stm32f303x8.o
       192         36          0          9          0      14605   stm32f3xx_hal.o
       272         22          0          0          0      32126   stm32f3xx_hal_cortex.o
       462         26          0          0          0       2725   stm32f3xx_hal_gpio.o
      2678         56          0          0          0      14565   stm32f3xx_hal_i2c.o
       210          0          0          0          0       1983   stm32f3xx_hal_i2c_ex.o
        64          6          0          0          0        866   stm32f3xx_hal_msp.o
      3540         96         32          0          0       6492   stm32f3xx_hal_rcc.o
       500         14          0          0          0       1476   stm32f3xx_hal_rcc_ex.o
      1368         46          0          0          0       6177   stm32f3xx_hal_uart.o
        34          0          0          0          0       4310   stm32f3xx_it.o
        20          6         24          4          0       1159   system_stm32f3xx.o
       700        114          0          3          0       6608   tsl2561.o
       184         16          0          0        132       1734   usart.o

    ----------------------------------------------------------------------
     13194        762      12260         72       2768    1074989   Object Totals
         0          0         32          0          0          0   (incl. Generated)
        18          0          0          4          0          0   (incl. Padding)

    ----------------------------------------------------------------------

      Code (inc. data)   RO Data    RW Data    ZI Data      Debug   Library Member Name

         8          0          0          0          0         68   __main.o
       104          0          0          0          0         84   __printf.o
         0          0          0          0          0          0   __rtentry.o
        12          0          0          0          0          0   __rtentry2.o
         6          0          0          0          0          0   __rtentry4.o
        52          8          0          0          0          0   __scatter.o
        26          0          0          0          0          0   __scatter_copy.o
        28          0          0          0          0          0   __scatter_zi.o
        44          0          0          0          0        108   _printf_char.o
        48          6          0          0          0         96   _printf_char_common.o
         6          0          0          0          0          0   _printf_d.o
       120         16          0          0          0         92   _printf_dec.o
       178          0          0          0          0         88   _printf_intcommon.o
         0          0          0          0          0          0   _printf_percent.o
         4          0          0          0          0          0   _printf_percent_end.o
         6          0          0          0          0          0   _printf_s.o
        82          0          0          0          0         80   _printf_str.o
        22          0          0          0          0        100   _rserrno.o
        10          0          0          0          0         68   _sputc.o
        18          0          0          0          0         80   exit.o
         6          0          0          0          0        152   heapauxi.o
         0          0          0          0          0          0   indicate_semi.o
         2          0          0          0          0          0   libinit.o
         6          0          0          0          0          0   libinit2.o
         2          0          0          0          0          0   libshutdown.o
         2          0          0          0          0          0   libshutdown2.o
         8          4          0          0         96         68   libspace.o
       238          0          0          0          0        100   lludivv7m.o
        40          6          0          0          0         84   noretval__2sprintf.o
         8          4          0          0          0         68   rt_errno_addr_intlibspace.o
        78          0          0          0          0         80   rt_memclr_w.o
         2          0          0          0          0          0   rtexit.o
        10          0          0          0          0          0   rtexit2.o
        62          0          0          0          0         76   strlen.o
        12          4          0          0          0         68   sys_exit.o
        74          0          0          0          0         80   sys_stackheap_outer.o
         2          0          0          0          0         68   use_no_semi.o
        90          4          0          0          0        140   dfixu.o
       340         12          0          0          0        152   dmul.o
       156          4          0          0          0        140   dnaninf.o
        12          0          0          0          0        116   dretinf.o
        86          4          0          0          0        132   f2d.o
       140          4          0          0          0        132   fnaninf.o
        10          0          0          0          0        116   fpinit.o
         0          0          0          0          0          0   usenofp.o
        38          0          0          0          0        116   fpclassifyf.o
        74         24          0          0          0        580   funder.o
      1636        110        320          0          0        372   powf.o

    ----------------------------------------------------------------------
      3926        210        320          0         96       3704   Library Totals
        18          0          0          0          0          0   (incl. Padding)

    ----------------------------------------------------------------------

      Code (inc. data)   RO Data    RW Data    ZI Data      Debug   Library Name

      1326         48          0          0         96       1708   c_w.l
       834         28          0          0          0        928   fz_wm.l
      1748        134        320          0          0       1068   m_wm.l

    ----------------------------------------------------------------------
      3926        210        320          0         96       3704   Library Totals

    ----------------------------------------------------------------------

==============================================================================


      Code (inc. data)   RO Data    RW Data    ZI Data      Debug   

     17120        972      12580         72       2864    1067761   Grand Totals
     17120        972      12580         72       2864    1067761   ELF Image Totals
     17120        972      12580         72          0          0   ROM Totals

==============================================================================

    Total RO  Size (Code + RO Data)                29700 (  29.00kB)
    Total RW  Size (RW Data + ZI Data)              2936 (   2.87kB)
    Total ROM Size (Code + RO Data + RW Data)      29772 (  29.07kB)

==============================================================================

